Task(hh2e_Breathing) B(Stressed[1]) T(RealStress[2]) Q(RealStress[2]) - [Stressed: 5.0, Relaxed: 6.0] [Valence: None, Arousal: None
Task(hh2e_Counting1) B(Stressed[1]) T(RealStress[2]) Q(RealStress[2]) - [Stressed: 5.0, Relaxed: 6.0] [Valence: None, Arousal: None
Task(hh2e_Counting2) B(Stressed[1]) T(RealStress[2]) Q(RealStress[2]) - [Stressed: 7.0, Relaxed: 3.0] [Valence: None, Arousal: None
Task(hh2e_Counting3) B(Stressed[1]) T(RealStress[2]) Q(RealStress[2]) - [Stressed: 7.0, Relaxed: 5.0] [Valence: None, Arousal: None
Task(hh2e_Math) B(Stressed[1]) T(RealStress[2]) Q(RealStress[2]) - [Stressed: 6.0, Relaxed: 5.0] [Valence: None, Arousal: None
Task(hh2e_Reading) B(NoStressed[0]) T(Relaxed[0]) Q(Relaxed[0]) - [Stressed: 4.0, Relaxed: 8.0] [Valence: None, Arousal: None
Task(hh2e_Relax) B(Stressed[1]) T(RealStress[2]) Q(RealStress[2]) - [Stressed: 6.0, Relaxed: 6.0] [Valence: None, Arousal: None
Task(hh2e_Speaking) B(Stressed[1]) T(RealStress[2]) Q(RealStress[2]) - [Stressed: 6.0, Relaxed: 6.0] [Valence: None, Arousal: None
Task(hh2e_Stroop) B(Stressed[1]) T(RealStress[2]) Q(RealStress[2]) - [Stressed: 6.0, Relaxed: 6.0] [Valence: None, Arousal: None
Task(hh2e_Video1) B(NoStressed[0]) T(Relaxed[0]) Q(Relaxed[0]) - [Stressed: 2.0, Relaxed: 8.0] [Valence: None, Arousal: None
Task(hh2e_Video2) B(NoStressed[0]) T(Relaxed[0]) Q(Relaxed[0]) - [Stressed: 3.0, Relaxed: 7.0] [Valence: None, Arousal: None
Task(wfsl_Breathing) B(NoStressed[0]) T(Relaxed[0]) Q(Relaxed[0]) - [Stressed: 4.0, Relaxed: 6.0] [Valence: 8.0, Arousal: 3.0
Task(wfsl_Counting1) B(Stressed[1]) T(RealStress[2]) Q(RealStress[2]) - [Stressed: 9.0, Relaxed: 1.0] [Valence: 2.0, Arousal: 8.0
Task(wfsl_Counting2) B(Stressed[1]) T(RealStress[2]) Q(RealStress[2]) - [Stressed: 10.0, Relaxed: 0.0] [Valence: 1.0, Arousal: 9.0
Task(wfsl_Counting3) B(Stressed[1]) T(RealStress[2]) Q(RealStress[2]) - [Stressed: 7.0, Relaxed: 3.0] [Valence: 3.0, Arousal: 6.0
Task(wfsl_Math) B(Stressed[1]) T(RealStress[2]) Q(RealStress[2]) - [Stressed: 6.0, Relaxed: 2.0] [Valence: 3.0, Arousal: 6.0
Task(wfsl_Reading) B(Stressed[1]) T(RealStress[2]) Q(RealStress[2]) - [Stressed: 5.0, Relaxed: 3.0] [Valence: 5.0, Arousal: 6.0
Task(wfsl_Speaking) B(NoStressed[0]) T(Stressed[1]) Q(Amused[3]) - [Stressed: 4.0, Relaxed: 5.0] [Valence: 5.0, Arousal: 5.0
Task(wfsl_Stroop) B(Stressed[1]) T(RealStress[2]) Q(RealStress[2]) - [Stressed: 7.0, Relaxed: 4.0] [Valence: 4.0, Arousal: 7.0
Task(wfsl_Video1) B(NoStressed[0]) T(Relaxed[0]) Q(Relaxed[0]) - [Stressed: 3.0, Relaxed: 6.0] [Valence: 7.0, Arousal: 2.0
Task(wfsl_Video2) B(Stressed[1]) T(Stressed[1]) Q(Stressed[1]) - [Stressed: 7.0, Relaxed: 4.0] [Valence: 4.0, Arousal: 2.0
Task(37ir_Breathing) B(NoStressed[0]) T(Stressed[1]) Q(Stressed[1]) - [Stressed: 2.0, Relaxed: 9.0] [Valence: 5.0, Arousal: 3.0
Task(37ir_Counting1) B(NoStressed[0]) T(Stressed[1]) Q(Stressed[1]) - [Stressed: 4.0, Relaxed: 3.0] [Valence: 4.0, Arousal: 8.0
Task(37ir_Counting2) B(Stressed[1]) T(RealStress[2]) Q(RealStress[2]) - [Stressed: 6.0, Relaxed: 2.0] [Valence: 3.0, Arousal: 9.0
Task(37ir_Counting3) B(Stressed[1]) T(RealStress[2]) Q(RealStress[2]) - [Stressed: 6.0, Relaxed: 5.0] [Valence: 5.0, Arousal: 8.0
Task(37ir_Math) B(NoStressed[0]) T(Stressed[1]) Q(Amused[3]) - [Stressed: 3.0, Relaxed: 6.0] [Valence: 6.0, Arousal: 8.0
Task(37ir_Reading) B(Stressed[1]) T(RealStress[2]) Q(RealStress[2]) - [Stressed: 7.0, Relaxed: 3.0] [Valence: 3.0, Arousal: 7.0
Task(37ir_Relax) B(NoStressed[0]) T(Stressed[1]) Q(Amused[3]) - [Stressed: 1.0, Relaxed: 7.0] [Valence: 7.0, Arousal: 6.0
Task(37ir_Speaking) B(Stressed[1]) T(RealStress[2]) Q(RealStress[2]) - [Stressed: 8.0, Relaxed: 1.0] [Valence: 2.0, Arousal: 8.0
Task(37ir_Stroop) B(Stressed[1]) T(RealStress[2]) Q(RealStress[2]) - [Stressed: 7.0, Relaxed: 1.0] [Valence: 2.0, Arousal: 9.0
Task(37ir_Video1) B(NoStressed[0]) T(Stressed[1]) Q(Amused[3]) - [Stressed: 3.0, Relaxed: 3.0] [Valence: 8.0, Arousal: 8.0
Task(37ir_Video2) B(NoStressed[0]) T(Stressed[1]) Q(Amused[3]) - [Stressed: 4.0, Relaxed: 5.0] [Valence: 5.0, Arousal: 8.0
Task(hvpa_Breathing) B(NoStressed[0]) T(Stressed[1]) Q(Amused[3]) - [Stressed: 1.0, Relaxed: 9.0] [Valence: 7.0, Arousal: 8.0
Task(hvpa_Counting1) B(NoStressed[0]) T(Stressed[1]) Q(Amused[3]) - [Stressed: 3.0, Relaxed: 6.0] [Valence: 7.0, Arousal: 7.0
Task(hvpa_Counting2) B(NoStressed[0]) T(Stressed[1]) Q(Amused[3]) - [Stressed: 4.0, Relaxed: 5.0] [Valence: 7.0, Arousal: 8.0
Task(hvpa_Counting3) B(NoStressed[0]) T(Stressed[1]) Q(Amused[3]) - [Stressed: 3.0, Relaxed: 5.0] [Valence: 7.0, Arousal: 8.0
Task(hvpa_Math) B(NoStressed[0]) T(Stressed[1]) Q(Amused[3]) - [Stressed: 4.0, Relaxed: 5.0] [Valence: 7.0, Arousal: 7.0
Task(hvpa_Reading) B(Stressed[1]) T(RealStress[2]) Q(RealStress[2]) - [Stressed: 6.0, Relaxed: 7.0] [Valence: 5.0, Arousal: 8.0
Task(hvpa_Relax) B(NoStressed[0]) T(Stressed[1]) Q(Amused[3]) - [Stressed: 2.0, Relaxed: 6.0] [Valence: 6.0, Arousal: 5.0
Task(hvpa_Speaking) B(NoStressed[0]) T(Stressed[1]) Q(Amused[3]) - [Stressed: 3.0, Relaxed: 6.0] [Valence: 7.0, Arousal: 8.0
Task(hvpa_Stroop) B(NoStressed[0]) T(Stressed[1]) Q(Amused[3]) - [Stressed: 3.0, Relaxed: 5.0] [Valence: 7.0, Arousal: 8.0
Task(hvpa_Video1) B(NoStressed[0]) T(Stressed[1]) Q(Amused[3]) - [Stressed: 1.0, Relaxed: 7.0] [Valence: 7.0, Arousal: 7.0
Task(hvpa_Video2) B(NoStressed[0]) T(Stressed[1]) Q(Amused[3]) - [Stressed: 1.0, Relaxed: 7.0] [Valence: 7.0, Arousal: 6.0
Task(ql3b_Breathing) B(NoStressed[0]) T(Stressed[1]) Q(Stressed[1]) - [Stressed: 1.0, Relaxed: 10.0] [Valence: 5.0, Arousal: 2.0
Task(ql3b_Counting1) B(NoStressed[0]) T(Stressed[1]) Q(Amused[3]) - [Stressed: 2.0, Relaxed: 4.0] [Valence: 6.0, Arousal: 6.0
Task(ql3b_Counting2) B(Stressed[1]) T(Stressed[1]) Q(Stressed[1]) - [Stressed: 7.0, Relaxed: 4.0] [Valence: 6.0, Arousal: 6.0
Task(ql3b_Counting3) B(Stressed[1]) T(Stressed[1]) Q(Stressed[1]) - [Stressed: 9.0, Relaxed: 1.0] [Valence: 6.0, Arousal: 10.0
Task(ql3b_Math) B(Stressed[1]) T(Stressed[1]) Q(Stressed[1]) - [Stressed: 7.0, Relaxed: 1.0] [Valence: 7.0, Arousal: 9.0
Task(ql3b_Reading) B(Stressed[1]) T(Stressed[1]) Q(Stressed[1]) - [Stressed: 9.0, Relaxed: 0.0] [Valence: 6.0, Arousal: 10.0
Task(ql3b_Relax) B(NoStressed[0]) T(Stressed[1]) Q(Amused[3]) - [Stressed: 0.0, Relaxed: 10.0] [Valence: 8.0, Arousal: 8.0
Task(ql3b_Speaking) B(Stressed[1]) T(RealStress[2]) Q(RealStress[2]) - [Stressed: 8.0, Relaxed: 0.0] [Valence: 5.0, Arousal: 10.0
Task(ql3b_Stroop) B(Stressed[1]) T(RealStress[2]) Q(RealStress[2]) - [Stressed: 8.0, Relaxed: 1.0] [Valence: 5.0, Arousal: 9.0
Task(ql3b_Video1) B(NoStressed[0]) T(Relaxed[0]) Q(Relaxed[0]) - [Stressed: 0.0, Relaxed: 10.0] [Valence: 8.0, Arousal: 4.0
Task(ql3b_Video2) B(Stressed[1]) T(Stressed[1]) Q(Stressed[1]) - [Stressed: 9.0, Relaxed: 2.0] [Valence: 3.0, Arousal: 3.0
Task(r0a3_Breathing) B(NoStressed[0]) T(Relaxed[0]) Q(Relaxed[0]) - [Stressed: 0.0, Relaxed: 10.0] [Valence: 8.0, Arousal: 1.0
Task(r0a3_Counting1) B(Stressed[1]) T(Stressed[1]) Q(Stressed[1]) - [Stressed: 5.0, Relaxed: 7.0] [Valence: 5.0, Arousal: 3.0
Task(r0a3_Counting2) B(Stressed[1]) T(Stressed[1]) Q(Stressed[1]) - [Stressed: 7.0, Relaxed: 3.0] [Valence: 5.0, Arousal: 2.0
Task(r0a3_Counting3) B(Stressed[1]) T(RealStress[2]) Q(RealStress[2]) - [Stressed: 8.0, Relaxed: 2.0] [Valence: 3.0, Arousal: 6.0
Task(r0a3_Math) B(Stressed[1]) T(Stressed[1]) Q(Stressed[1]) - [Stressed: 6.0, Relaxed: 5.0] [Valence: 5.0, Arousal: 3.0
Task(r0a3_Reading) B(Stressed[1]) T(Stressed[1]) Q(Stressed[1]) - [Stressed: 6.0, Relaxed: 5.0] [Valence: 6.0, Arousal: 3.0
Task(r0a3_Relax) B(NoStressed[0]) T(Relaxed[0]) Q(Relaxed[0]) - [Stressed: 1.0, Relaxed: 10.0] [Valence: 6.0, Arousal: 2.0
Task(r0a3_Speaking) B(NoStressed[0]) T(Stressed[1]) Q(Amused[3]) - [Stressed: 2.0, Relaxed: 9.0] [Valence: 9.0, Arousal: 7.0
Task(r0a3_Stroop) B(Stressed[1]) T(Stressed[1]) Q(Stressed[1]) - [Stressed: 6.0, Relaxed: 2.0] [Valence: 5.0, Arousal: 3.0
Task(r0a3_Video1) B(Stressed[1]) T(Stressed[1]) Q(Stressed[1]) - [Stressed: 6.0, Relaxed: 10.0] [Valence: 9.0, Arousal: 9.0
Task(r0a3_Video2) B(Stressed[1]) T(Stressed[1]) Q(Stressed[1]) - [Stressed: 5.0, Relaxed: 7.0] [Valence: 8.0, Arousal: 8.0
Task(qx2o_Breathing) B(NoStressed[0]) T(Relaxed[0]) Q(Relaxed[0]) - [Stressed: 2.0, Relaxed: 9.0] [Valence: 8.0, Arousal: 2.0
Task(qx2o_Counting1) B(Stressed[1]) T(RealStress[2]) Q(RealStress[2]) - [Stressed: 5.0, Relaxed: 7.0] [Valence: 5.0, Arousal: 5.0
Task(qx2o_Counting2) B(Stressed[1]) T(RealStress[2]) Q(RealStress[2]) - [Stressed: 7.0, Relaxed: 4.0] [Valence: 5.0, Arousal: 6.0
Task(qx2o_Counting3) B(Stressed[1]) T(RealStress[2]) Q(RealStress[2]) - [Stressed: 6.0, Relaxed: 3.0] [Valence: 5.0, Arousal: 6.0
Task(qx2o_Math) B(Stressed[1]) T(RealStress[2]) Q(RealStress[2]) - [Stressed: 6.0, Relaxed: 6.0] [Valence: 5.0, Arousal: 6.0
Task(qx2o_Reading) B(NoStressed[0]) T(Relaxed[0]) Q(Relaxed[0]) - [Stressed: 2.0, Relaxed: 8.0] [Valence: 7.0, Arousal: 3.0
Task(qx2o_Relax) B(Stressed[1]) T(Stressed[1]) Q(Stressed[1]) - [Stressed: 5.0, Relaxed: 4.0] [Valence: 5.0, Arousal: 3.0
Task(qx2o_Speaking) B(Stressed[1]) T(RealStress[2]) Q(RealStress[2]) - [Stressed: 7.0, Relaxed: 3.0] [Valence: 2.0, Arousal: 8.0
Task(qx2o_Stroop) B(NoStressed[0]) T(Relaxed[0]) Q(Relaxed[0]) - [Stressed: 2.0, Relaxed: 7.0] [Valence: 7.0, Arousal: 2.0
Task(qx2o_Video1) B(NoStressed[0]) T(Relaxed[0]) Q(Relaxed[0]) - [Stressed: 1.0, Relaxed: 9.0] [Valence: 9.0, Arousal: 2.0
Task(qx2o_Video2) B(NoStressed[0]) T(Relaxed[0]) Q(Relaxed[0]) - [Stressed: 2.0, Relaxed: 9.0] [Valence: 9.0, Arousal: 2.0
Task(wssm_Breathing) B(NoStressed[0]) T(Relaxed[0]) Q(Relaxed[0]) - [Stressed: 0.0, Relaxed: 8.0] [Valence: 6.0, Arousal: 1.0
Task(wssm_Counting1) B(Stressed[1]) T(RealStress[2]) Q(RealStress[2]) - [Stressed: 6.0, Relaxed: 5.0] [Valence: 4.0, Arousal: 7.0
Task(wssm_Counting2) B(Stressed[1]) T(RealStress[2]) Q(RealStress[2]) - [Stressed: 6.0, Relaxed: 2.0] [Valence: 2.0, Arousal: 7.0
Task(wssm_Counting3) B(NoStressed[0]) T(Stressed[1]) Q(Amused[3]) - [Stressed: 4.0, Relaxed: 4.0] [Valence: 5.0, Arousal: 6.0
Task(wssm_Math) B(NoStressed[0]) T(Stressed[1]) Q(Amused[3]) - [Stressed: 1.0, Relaxed: 10.0] [Valence: 9.0, Arousal: 10.0
Task(wssm_Reading) B(NoStressed[0]) T(Stressed[1]) Q(Amused[3]) - [Stressed: 2.0, Relaxed: 6.0] [Valence: 5.0, Arousal: 8.0
Task(wssm_Relax) B(NoStressed[0]) T(Relaxed[0]) Q(Relaxed[0]) - [Stressed: 0.0, Relaxed: 7.0] [Valence: 7.0, Arousal: 0.0
Task(wssm_Speaking) B(Stressed[1]) T(RealStress[2]) Q(RealStress[2]) - [Stressed: 7.0, Relaxed: 3.0] [Valence: 2.0, Arousal: 6.0
Task(wssm_Stroop) B(NoStressed[0]) T(Stressed[1]) Q(Amused[3]) - [Stressed: 4.0, Relaxed: 5.0] [Valence: 5.0, Arousal: 6.0
Task(wssm_Video1) B(NoStressed[0]) T(Stressed[1]) Q(Amused[3]) - [Stressed: 3.0, Relaxed: 5.0] [Valence: 5.0, Arousal: 4.0
Task(wssm_Video2) B(NoStressed[0]) T(Stressed[1]) Q(Stressed[1]) - [Stressed: 2.0, Relaxed: 7.0] [Valence: 5.0, Arousal: 2.0
Task(ctzy_Breathing) B(NoStressed[0]) T(Stressed[1]) Q(Amused[3]) - [Stressed: 0.0, Relaxed: 9.0] [Valence: 7.0, Arousal: 7.0
Task(ctzy_Counting1) B(Stressed[1]) T(Stressed[1]) Q(Stressed[1]) - [Stressed: 6.0, Relaxed: 7.0] [Valence: 7.0, Arousal: 9.0
Task(ctzy_Counting2) B(Stressed[1]) T(Stressed[1]) Q(Stressed[1]) - [Stressed: 6.0, Relaxed: 4.0] [Valence: 6.0, Arousal: 9.0
Task(ctzy_Counting3) B(Stressed[1]) T(Stressed[1]) Q(Stressed[1]) - [Stressed: 6.0, Relaxed: 5.0] [Valence: 9.0, Arousal: 9.0
Task(ctzy_Math) B(Stressed[1]) T(Stressed[1]) Q(Stressed[1]) - [Stressed: 8.0, Relaxed: 2.0] [Valence: 9.0, Arousal: 10.0
Task(ctzy_Reading) B(Stressed[1]) T(RealStress[2]) Q(RealStress[2]) - [Stressed: 6.0, Relaxed: 5.0] [Valence: 4.0, Arousal: 7.0
Task(ctzy_Relax) B(NoStressed[0]) T(Stressed[1]) Q(Stressed[1]) - [Stressed: 1.0, Relaxed: 9.0] [Valence: 5.0, Arousal: 1.0
Task(ctzy_Speaking) B(Stressed[1]) T(Stressed[1]) Q(Stressed[1]) - [Stressed: 7.0, Relaxed: 4.0] [Valence: 9.0, Arousal: 9.0
Task(ctzy_Stroop) B(Stressed[1]) T(Stressed[1]) Q(Stressed[1]) - [Stressed: 7.0, Relaxed: 2.0] [Valence: 10.0, Arousal: 10.0
Task(ctzy_Video1) B(Stressed[1]) T(RealStress[2]) Q(RealStress[2]) - [Stressed: 6.0, Relaxed: 4.0] [Valence: 4.0, Arousal: 7.0
Task(ctzy_Video2) B(Stressed[1]) T(RealStress[2]) Q(RealStress[2]) - [Stressed: 6.0, Relaxed: 4.0] [Valence: 5.0, Arousal: 5.0
Task(uyrl_Breathing) B(NoStressed[0]) T(Stressed[1]) Q(Amused[3]) - [Stressed: 1.0, Relaxed: 9.0] [Valence: 6.0, Arousal: 5.0
Task(uyrl_Counting1) B(NoStressed[0]) T(Stressed[1]) Q(Amused[3]) - [Stressed: 3.0, Relaxed: 6.0] [Valence: 5.0, Arousal: 6.0
Task(uyrl_Counting2) B(Stressed[1]) T(RealStress[2]) Q(RealStress[2]) - [Stressed: 5.0, Relaxed: 6.0] [Valence: 5.0, Arousal: 5.0
Task(uyrl_Counting3) B(Stressed[1]) T(Stressed[1]) Q(Stressed[1]) - [Stressed: 6.0, Relaxed: 4.0] [Valence: 7.0, Arousal: 6.0
Task(uyrl_Math) B(Stressed[1]) T(RealStress[2]) Q(RealStress[2]) - [Stressed: 6.0, Relaxed: 4.0] [Valence: 3.0, Arousal: 5.0
Task(uyrl_Reading) B(NoStressed[0]) T(Stressed[1]) Q(Amused[3]) - [Stressed: 4.0, Relaxed: 6.0] [Valence: 5.0, Arousal: 7.0
Task(uyrl_Relax) B(NoStressed[0]) T(Stressed[1]) Q(Amused[3]) - [Stressed: 2.0, Relaxed: 8.0] [Valence: 5.0, Arousal: 4.0
Task(uyrl_Speaking) B(Stressed[1]) T(RealStress[2]) Q(RealStress[2]) - [Stressed: 7.0, Relaxed: 4.0] [Valence: 4.0, Arousal: 5.0
Task(uyrl_Stroop) B(Stressed[1]) T(Stressed[1]) Q(Stressed[1]) - [Stressed: 6.0, Relaxed: 4.0] [Valence: 6.0, Arousal: 7.0
Task(uyrl_Video1) B(NoStressed[0]) T(Stressed[1]) Q(Amused[3]) - [Stressed: 3.0, Relaxed: 7.0] [Valence: 6.0, Arousal: 6.0
Task(uyrl_Video2) B(NoStressed[0]) T(Stressed[1]) Q(Amused[3]) - [Stressed: 3.0, Relaxed: 7.0] [Valence: 6.0, Arousal: 6.0
Task(v8mh_Breathing) B(NoStressed[0]) T(Relaxed[0]) Q(Relaxed[0]) - [Stressed: 0.0, Relaxed: 9.0] [Valence: 6.0, Arousal: 4.0
Task(v8mh_Counting1) B(Stressed[1]) T(RealStress[2]) Q(RealStress[2]) - [Stressed: 6.0, Relaxed: 3.0] [Valence: 4.0, Arousal: 9.0
Task(v8mh_Counting2) B(Stressed[1]) T(RealStress[2]) Q(RealStress[2]) - [Stressed: 7.0, Relaxed: 3.0] [Valence: 4.0, Arousal: 8.0
Task(v8mh_Counting3) B(Stressed[1]) T(RealStress[2]) Q(RealStress[2]) - [Stressed: 7.0, Relaxed: 3.0] [Valence: 4.0, Arousal: 9.0
Task(v8mh_Math) B(Stressed[1]) T(RealStress[2]) Q(RealStress[2]) - [Stressed: 5.0, Relaxed: 4.0] [Valence: 5.0, Arousal: 9.0
Task(v8mh_Reading) B(Stressed[1]) T(RealStress[2]) Q(RealStress[2]) - [Stressed: 6.0, Relaxed: 6.0] [Valence: 5.0, Arousal: 6.0
Task(v8mh_Relax) B(NoStressed[0]) T(Relaxed[0]) Q(Relaxed[0]) - [Stressed: 3.0, Relaxed: 7.0] [Valence: 6.0, Arousal: 4.0
Task(v8mh_Speaking) B(NoStressed[0]) T(Stressed[1]) Q(Amused[3]) - [Stressed: 4.0, Relaxed: 4.0] [Valence: 6.0, Arousal: 4.0
Task(v8mh_Stroop) B(Stressed[1]) T(RealStress[2]) Q(RealStress[2]) - [Stressed: 7.0, Relaxed: 2.0] [Valence: 4.0, Arousal: 8.0
Task(v8mh_Video1) B(NoStressed[0]) T(Stressed[1]) Q(Amused[3]) - [Stressed: 1.0, Relaxed: 8.0] [Valence: 8.0, Arousal: 8.0
Task(v8mh_Video2) B(NoStressed[0]) T(Stressed[1]) Q(Amused[3]) - [Stressed: 3.0, Relaxed: 8.0] [Valence: 5.0, Arousal: 8.0
Task(45lx_Breathing) B(NoStressed[0]) T(Relaxed[0]) Q(Relaxed[0]) - [Stressed: 0.0, Relaxed: 7.0] [Valence: 8.0, Arousal: 4.0
Task(45lx_Counting1) B(Stressed[1]) T(RealStress[2]) Q(RealStress[2]) - [Stressed: 7.0, Relaxed: 2.0] [Valence: 5.0, Arousal: 6.0
Task(45lx_Counting2) B(Stressed[1]) T(RealStress[2]) Q(RealStress[2]) - [Stressed: 8.0, Relaxed: 1.0] [Valence: 5.0, Arousal: 6.0
Task(45lx_Counting3) B(Stressed[1]) T(RealStress[2]) Q(RealStress[2]) - [Stressed: 8.0, Relaxed: 1.0] [Valence: 5.0, Arousal: 8.0
Task(45lx_Math) B(NoStressed[0]) T(Stressed[1]) Q(Amused[3]) - [Stressed: 3.0, Relaxed: 6.0] [Valence: 6.0, Arousal: 6.0
Task(45lx_Reading) B(NoStressed[0]) T(Stressed[1]) Q(Amused[3]) - [Stressed: 3.0, Relaxed: 7.0] [Valence: 6.0, Arousal: 6.0
Task(45lx_Relax) B(NoStressed[0]) T(Relaxed[0]) Q(Relaxed[0]) - [Stressed: 0.0, Relaxed: 7.0] [Valence: 6.0, Arousal: 1.0
Task(45lx_Speaking) B(Stressed[1]) T(RealStress[2]) Q(RealStress[2]) - [Stressed: 8.0, Relaxed: 3.0] [Valence: 3.0, Arousal: 8.0
Task(45lx_Stroop) B(Stressed[1]) T(RealStress[2]) Q(RealStress[2]) - [Stressed: 7.0, Relaxed: 4.0] [Valence: 5.0, Arousal: 7.0
Task(45lx_Video1) B(NoStressed[0]) T(Relaxed[0]) Q(Relaxed[0]) - [Stressed: 0.0, Relaxed: 7.0] [Valence: 6.0, Arousal: 3.0
Task(45lx_Video2) B(NoStressed[0]) T(Stressed[1]) Q(Stressed[1]) - [Stressed: 3.0, Relaxed: 4.0] [Valence: 4.0, Arousal: 5.0
Task(r3zm_Breathing) B(NoStressed[0]) T(Stressed[1]) Q(Stressed[1]) - [Stressed: 3.0, Relaxed: 6.0] [Valence: 5.0, Arousal: 2.0
Task(r3zm_Counting1) B(Stressed[1]) T(RealStress[2]) Q(RealStress[2]) - [Stressed: 5.0, Relaxed: 5.0] [Valence: 5.0, Arousal: 7.0
Task(r3zm_Counting2) B(Stressed[1]) T(RealStress[2]) Q(RealStress[2]) - [Stressed: 6.0, Relaxed: 4.0] [Valence: 5.0, Arousal: 7.0
Task(r3zm_Counting3) B(Stressed[1]) T(RealStress[2]) Q(RealStress[2]) - [Stressed: 7.0, Relaxed: 3.0] [Valence: 4.0, Arousal: 7.0
Task(r3zm_Math) B(Stressed[1]) T(Stressed[1]) Q(Stressed[1]) - [Stressed: 6.0, Relaxed: 3.0] [Valence: 6.0, Arousal: 7.0
Task(r3zm_Reading) B(Stressed[1]) T(RealStress[2]) Q(RealStress[2]) - [Stressed: 7.0, Relaxed: 3.0] [Valence: 4.0, Arousal: 7.0
Task(r3zm_Relax) B(NoStressed[0]) T(Relaxed[0]) Q(Relaxed[0]) - [Stressed: 2.0, Relaxed: 7.0] [Valence: 6.0, Arousal: 1.0
Task(r3zm_Speaking) B(NoStressed[0]) T(Stressed[1]) Q(Amused[3]) - [Stressed: 2.0, Relaxed: 7.0] [Valence: 7.0, Arousal: 5.0
Task(r3zm_Stroop) B(Stressed[1]) T(RealStress[2]) Q(RealStress[2]) - [Stressed: 7.0, Relaxed: 3.0] [Valence: 3.0, Arousal: 8.0
Task(r3zm_Video1) B(Stressed[1]) T(RealStress[2]) Q(RealStress[2]) - [Stressed: 8.0, Relaxed: 1.0] [Valence: 1.0, Arousal: 8.0
Task(r3zm_Video2) B(Stressed[1]) T(RealStress[2]) Q(RealStress[2]) - [Stressed: 6.0, Relaxed: 2.0] [Valence: 3.0, Arousal: 6.0
Task(2hpu_Breathing) B(NoStressed[0]) T(Relaxed[0]) Q(Relaxed[0]) - [Stressed: 2.0, Relaxed: 9.0] [Valence: 6.0, Arousal: 3.0
Task(2hpu_Counting1) B(Stressed[1]) T(Stressed[1]) Q(Stressed[1]) - [Stressed: 7.0, Relaxed: 4.0] [Valence: 8.0, Arousal: 9.0
Task(2hpu_Counting2) B(Stressed[1]) T(Stressed[1]) Q(Stressed[1]) - [Stressed: 6.0, Relaxed: 6.0] [Valence: 9.0, Arousal: 10.0
Task(2hpu_Counting3) B(Stressed[1]) T(Stressed[1]) Q(Stressed[1]) - [Stressed: 5.0, Relaxed: 2.0] [Valence: 8.0, Arousal: 9.0
Task(2hpu_Math) B(NoStressed[0]) T(Stressed[1]) Q(Amused[3]) - [Stressed: 4.0, Relaxed: 4.0] [Valence: 9.0, Arousal: 9.0
Task(2hpu_Reading) B(NoStressed[0]) T(Stressed[1]) Q(Amused[3]) - [Stressed: 4.0, Relaxed: 7.0] [Valence: 6.0, Arousal: 7.0
Task(2hpu_Relax) B(NoStressed[0]) T(Stressed[1]) Q(Amused[3]) - [Stressed: 3.0, Relaxed: 8.0] [Valence: 6.0, Arousal: 6.0
Task(2hpu_Speaking) B(Stressed[1]) T(RealStress[2]) Q(RealStress[2]) - [Stressed: 7.0, Relaxed: 3.0] [Valence: 4.0, Arousal: 7.0
Task(2hpu_Stroop) B(Stressed[1]) T(RealStress[2]) Q(RealStress[2]) - [Stressed: 6.0, Relaxed: 3.0] [Valence: 5.0, Arousal: 8.0
Task(2hpu_Video1) B(NoStressed[0]) T(Stressed[1]) Q(Amused[3]) - [Stressed: 3.0, Relaxed: 5.0] [Valence: 6.0, Arousal: 7.0
Task(2hpu_Video2) B(NoStressed[0]) T(Stressed[1]) Q(Amused[3]) - [Stressed: 4.0, Relaxed: 5.0] [Valence: 5.0, Arousal: 7.0
Task(4woj_Breathing) B(NoStressed[0]) T(Relaxed[0]) Q(Relaxed[0]) - [Stressed: 3.0, Relaxed: 8.0] [Valence: 7.0, Arousal: 3.0
Task(4woj_Counting1) B(Stressed[1]) T(RealStress[2]) Q(RealStress[2]) - [Stressed: 8.0, Relaxed: 3.0] [Valence: 4.0, Arousal: 7.0
Task(4woj_Counting2) B(NoStressed[0]) T(Stressed[1]) Q(Amused[3]) - [Stressed: 4.0, Relaxed: 6.0] [Valence: 6.0, Arousal: 8.0
Task(4woj_Counting3) B(Stressed[1]) T(Stressed[1]) Q(Stressed[1]) - [Stressed: 5.0, Relaxed: 5.0] [Valence: 6.0, Arousal: 8.0
Task(4woj_Math) B(NoStressed[0]) T(Stressed[1]) Q(Amused[3]) - [Stressed: 3.0, Relaxed: 8.0] [Valence: 7.0, Arousal: 8.0
Task(4woj_Reading) B(Stressed[1]) T(RealStress[2]) Q(RealStress[2]) - [Stressed: 6.0, Relaxed: 4.0] [Valence: 5.0, Arousal: 8.0
Task(4woj_Relax) B(NoStressed[0]) T(Relaxed[0]) Q(Relaxed[0]) - [Stressed: 1.0, Relaxed: 8.0] [Valence: 8.0, Arousal: 2.0
Task(4woj_Speaking) B(Stressed[1]) T(RealStress[2]) Q(RealStress[2]) - [Stressed: 8.0, Relaxed: 2.0] [Valence: 4.0, Arousal: 8.0
Task(4woj_Stroop) B(NoStressed[0]) T(Stressed[1]) Q(Amused[3]) - [Stressed: 3.0, Relaxed: 8.0] [Valence: 7.0, Arousal: 8.0
Task(4woj_Video1) B(NoStressed[0]) T(Stressed[1]) Q(Amused[3]) - [Stressed: 2.0, Relaxed: 8.0] [Valence: 8.0, Arousal: 6.0
Task(4woj_Video2) B(NoStressed[0]) T(Stressed[1]) Q(Amused[3]) - [Stressed: 2.0, Relaxed: 8.0] [Valence: 7.0, Arousal: 8.0
Task(cxj0_Breathing) B(Stressed[1]) T(RealStress[2]) Q(RealStress[2]) - [Stressed: 7.0, Relaxed: 3.0] [Valence: 5.0, Arousal: 7.0
Task(cxj0_Counting1) B(Stressed[1]) T(Stressed[1]) Q(Stressed[1]) - [Stressed: 7.0, Relaxed: 0.0] [Valence: 6.0, Arousal: 10.0
Task(cxj0_Counting2) B(Stressed[1]) T(RealStress[2]) Q(RealStress[2]) - [Stressed: 9.0, Relaxed: 0.0] [Valence: 3.0, Arousal: 10.0
Task(cxj0_Counting3) B(Stressed[1]) T(Stressed[1]) Q(Stressed[1]) - [Stressed: 7.0, Relaxed: 4.0] [Valence: 6.0, Arousal: 8.0
Task(cxj0_Math) B(Stressed[1]) T(RealStress[2]) Q(RealStress[2]) - [Stressed: 6.0, Relaxed: 3.0] [Valence: 5.0, Arousal: 8.0
Task(cxj0_Reading) B(NoStressed[0]) T(Stressed[1]) Q(Stressed[1]) - [Stressed: 3.0, Relaxed: 6.0] [Valence: 5.0, Arousal: 3.0
Task(cxj0_Relax) B(NoStressed[0]) T(Stressed[1]) Q(Amused[3]) - [Stressed: 4.0, Relaxed: 6.0] [Valence: 5.0, Arousal: 0.0
Task(cxj0_Speaking) B(NoStressed[0]) T(Stressed[1]) Q(Amused[3]) - [Stressed: 3.0, Relaxed: 6.0] [Valence: 6.0, Arousal: 6.0
Task(cxj0_Stroop) B(Stressed[1]) T(Stressed[1]) Q(Stressed[1]) - [Stressed: 7.0, Relaxed: 4.0] [Valence: 7.0, Arousal: 9.0
Task(cxj0_Video1) B(NoStressed[0]) T(Relaxed[0]) Q(Relaxed[0]) - [Stressed: 1.0, Relaxed: 5.0] [Valence: 8.0, Arousal: 3.0
Task(cxj0_Video2) B(NoStressed[0]) T(Stressed[1]) Q(Amused[3]) - [Stressed: 2.0, Relaxed: 2.0] [Valence: 5.0, Arousal: 7.0
Task(tmvd_Breathing) B(NoStressed[0]) T(Relaxed[0]) Q(Relaxed[0]) - [Stressed: 1.0, Relaxed: 7.0] [Valence: 6.0, Arousal: 3.0
Task(tmvd_Counting1) B(NoStressed[0]) T(Stressed[1]) Q(Amused[3]) - [Stressed: 3.0, Relaxed: 6.0] [Valence: 7.0, Arousal: 8.0
Task(tmvd_Counting2) B(NoStressed[0]) T(Stressed[1]) Q(Amused[3]) - [Stressed: 4.0, Relaxed: 5.0] [Valence: 5.0, Arousal: 8.0
Task(tmvd_Counting3) B(Stressed[1]) T(RealStress[2]) Q(RealStress[2]) - [Stressed: 5.0, Relaxed: 5.0] [Valence: 5.0, Arousal: 7.0
Task(tmvd_Math) B(Stressed[1]) T(RealStress[2]) Q(RealStress[2]) - [Stressed: 6.0, Relaxed: 4.0] [Valence: 5.0, Arousal: 8.0
Task(tmvd_Reading) B(NoStressed[0]) T(Stressed[1]) Q(Amused[3]) - [Stressed: 2.0, Relaxed: 8.0] [Valence: 7.0, Arousal: 8.0
Task(tmvd_Relax) B(NoStressed[0]) T(Relaxed[0]) Q(Relaxed[0]) - [Stressed: 1.0, Relaxed: 8.0] [Valence: 6.0, Arousal: 1.0
Task(tmvd_Speaking) B(Stressed[1]) T(RealStress[2]) Q(RealStress[2]) - [Stressed: 5.0, Relaxed: 5.0] [Valence: 4.0, Arousal: 8.0
Task(tmvd_Stroop) B(NoStressed[0]) T(Stressed[1]) Q(Amused[3]) - [Stressed: 4.0, Relaxed: 4.0] [Valence: 6.0, Arousal: 9.0
Task(tmvd_Video1) B(NoStressed[0]) T(Stressed[1]) Q(Amused[3]) - [Stressed: 2.0, Relaxed: 7.0] [Valence: 7.0, Arousal: 5.0
Task(tmvd_Video2) B(NoStressed[0]) T(Stressed[1]) Q(Stressed[1]) - [Stressed: 2.0, Relaxed: 7.0] [Valence: 5.0, Arousal: 3.0
Task(2ea4_Breathing) B(NoStressed[0]) T(Stressed[1]) Q(Stressed[1]) - [Stressed: 2.0, Relaxed: 8.0] [Valence: 5.0, Arousal: 2.0
Task(2ea4_Counting1) B(Stressed[1]) T(RealStress[2]) Q(RealStress[2]) - [Stressed: 7.0, Relaxed: 4.0] [Valence: 5.0, Arousal: 8.0
Task(2ea4_Counting2) B(Stressed[1]) T(RealStress[2]) Q(RealStress[2]) - [Stressed: 6.0, Relaxed: 5.0] [Valence: 5.0, Arousal: 7.0
Task(2ea4_Counting3) B(Stressed[1]) T(RealStress[2]) Q(RealStress[2]) - [Stressed: 6.0, Relaxed: 4.0] [Valence: 5.0, Arousal: 8.0
Task(2ea4_Math) B(Stressed[1]) T(RealStress[2]) Q(RealStress[2]) - [Stressed: 6.0, Relaxed: 6.0] [Valence: 5.0, Arousal: 7.0
Task(2ea4_Reading) B(NoStressed[0]) T(Stressed[1]) Q(Amused[3]) - [Stressed: 4.0, Relaxed: 7.0] [Valence: 5.0, Arousal: 8.0
Task(2ea4_Relax) B(NoStressed[0]) T(Relaxed[0]) Q(Relaxed[0]) - [Stressed: 2.0, Relaxed: 8.0] [Valence: 6.0, Arousal: 3.0
Task(2ea4_Speaking) B(Stressed[1]) T(RealStress[2]) Q(RealStress[2]) - [Stressed: 6.0, Relaxed: 4.0] [Valence: 5.0, Arousal: 7.0
Task(2ea4_Stroop) B(NoStressed[0]) T(Stressed[1]) Q(Amused[3]) - [Stressed: 4.0, Relaxed: 7.0] [Valence: 5.0, Arousal: 6.0
Task(2ea4_Video1) B(NoStressed[0]) T(Stressed[1]) Q(Amused[3]) - [Stressed: 3.0, Relaxed: 6.0] [Valence: 7.0, Arousal: 7.0
Task(2ea4_Video2) B(NoStressed[0]) T(Stressed[1]) Q(Amused[3]) - [Stressed: 3.0, Relaxed: 6.0] [Valence: 5.0, Arousal: 6.0
Task(71i5_Breathing) B(Stressed[1]) T(Stressed[1]) Q(Stressed[1]) - [Stressed: 5.0, Relaxed: 7.0] [Valence: 5.0, Arousal: 2.0
Task(71i5_Counting1) B(Stressed[1]) T(Stressed[1]) Q(Stressed[1]) - [Stressed: 9.0, Relaxed: 0.0] [Valence: 7.0, Arousal: 9.0
Task(71i5_Counting2) B(Stressed[1]) T(RealStress[2]) Q(RealStress[2]) - [Stressed: 8.0, Relaxed: 1.0] [Valence: 2.0, Arousal: 9.0
Task(71i5_Counting3) B(Stressed[1]) T(Stressed[1]) Q(Stressed[1]) - [Stressed: 5.0, Relaxed: 7.0] [Valence: 8.0, Arousal: 9.0
Task(71i5_Math) B(Stressed[1]) T(RealStress[2]) Q(RealStress[2]) - [Stressed: 9.0, Relaxed: 1.0] [Valence: 1.0, Arousal: 6.0
Task(71i5_Reading) B(NoStressed[0]) T(Stressed[1]) Q(Amused[3]) - [Stressed: 2.0, Relaxed: 9.0] [Valence: 7.0, Arousal: 9.0
Task(71i5_Relax) B(NoStressed[0]) T(Stressed[1]) Q(Amused[3]) - [Stressed: 2.0, Relaxed: 8.0] [Valence: 7.0, Arousal: 8.0
Task(71i5_Speaking) B(NoStressed[0]) T(Stressed[1]) Q(Amused[3]) - [Stressed: 2.0, Relaxed: 7.0] [Valence: 8.0, Arousal: 9.0
Task(71i5_Stroop) B(Stressed[1]) T(Stressed[1]) Q(Stressed[1]) - [Stressed: 7.0, Relaxed: 7.0] [Valence: 8.0, Arousal: 8.0
Task(71i5_Video1) B(Stressed[1]) T(Stressed[1]) Q(Stressed[1]) - [Stressed: 5.0, Relaxed: 3.0] [Valence: 7.0, Arousal: 8.0
Task(71i5_Video2) B(Stressed[1]) T(RealStress[2]) Q(RealStress[2]) - [Stressed: 6.0, Relaxed: 2.0] [Valence: 5.0, Arousal: 8.0
Task(kkf5_Breathing) B(NoStressed[0]) T(Relaxed[0]) Q(Relaxed[0]) - [Stressed: 1.0, Relaxed: 9.0] [Valence: 8.0, Arousal: 2.0
Task(kkf5_Counting1) B(Stressed[1]) T(Stressed[1]) Q(Stressed[1]) - [Stressed: 6.0, Relaxed: 6.0] [Valence: 8.0, Arousal: 9.0
Task(kkf5_Counting2) B(Stressed[1]) T(Stressed[1]) Q(Stressed[1]) - [Stressed: 8.0, Relaxed: 3.0] [Valence: 6.0, Arousal: 9.0
Task(kkf5_Counting3) B(NoStressed[0]) T(Stressed[1]) Q(Amused[3]) - [Stressed: 4.0, Relaxed: 6.0] [Valence: 7.0, Arousal: 8.0
Task(kkf5_Math) B(Stressed[1]) T(Stressed[1]) Q(Stressed[1]) - [Stressed: 7.0, Relaxed: 7.0] [Valence: 7.0, Arousal: 8.0
Task(kkf5_Reading) B(Stressed[1]) T(RealStress[2]) Q(RealStress[2]) - [Stressed: 7.0, Relaxed: 6.0] [Valence: 4.0, Arousal: 8.0
Task(kkf5_Relax) B(NoStressed[0]) T(Relaxed[0]) Q(Relaxed[0]) - [Stressed: 1.0, Relaxed: 9.0] [Valence: 8.0, Arousal: 2.0
Task(kkf5_Speaking) B(Stressed[1]) T(RealStress[2]) Q(RealStress[2]) - [Stressed: 6.0, Relaxed: 3.0] [Valence: 5.0, Arousal: 6.0
Task(kkf5_Stroop) B(Stressed[1]) T(RealStress[2]) Q(RealStress[2]) - [Stressed: 9.0, Relaxed: 2.0] [Valence: 4.0, Arousal: 9.0
Task(kkf5_Video1) B(Stressed[1]) T(Stressed[1]) Q(Stressed[1]) - [Stressed: 7.0, Relaxed: 6.0] [Valence: 7.0, Arousal: 8.0
Task(kkf5_Video2) B(Stressed[1]) T(Stressed[1]) Q(Stressed[1]) - [Stressed: 7.0, Relaxed: 4.0] [Valence: 6.0, Arousal: 8.0
Task(uymz_Breathing) B(NoStressed[0]) T(Stressed[1]) Q(Amused[3]) - [Stressed: 3.0, Relaxed: 6.0] [Valence: 5.0, Arousal: 0.0
Task(uymz_Counting1) B(NoStressed[0]) T(Stressed[1]) Q(Amused[3]) - [Stressed: 3.0, Relaxed: 6.0] [Valence: 5.0, Arousal: 7.0
Task(uymz_Counting2) B(NoStressed[0]) T(Stressed[1]) Q(Amused[3]) - [Stressed: 3.0, Relaxed: 6.0] [Valence: 5.0, Arousal: 7.0
Task(uymz_Counting3) B(Stressed[1]) T(RealStress[2]) Q(RealStress[2]) - [Stressed: 6.0, Relaxed: 3.0] [Valence: 2.0, Arousal: 9.0
Task(uymz_Math) B(NoStressed[0]) T(Stressed[1]) Q(Stressed[1]) - [Stressed: 4.0, Relaxed: 5.0] [Valence: 4.0, Arousal: 8.0
Task(uymz_Reading) B(Stressed[1]) T(RealStress[2]) Q(RealStress[2]) - [Stressed: 5.0, Relaxed: 5.0] [Valence: 5.0, Arousal: 8.0
Task(uymz_Relax) B(NoStressed[0]) T(Stressed[1]) Q(Stressed[1]) - [Stressed: 4.0, Relaxed: 6.0] [Valence: 4.0, Arousal: 2.0
Task(uymz_Speaking) B(NoStressed[0]) T(Stressed[1]) Q(Amused[3]) - [Stressed: 3.0, Relaxed: 6.0] [Valence: 5.0, Arousal: 8.0
Task(uymz_Stroop) B(Stressed[1]) T(RealStress[2]) Q(RealStress[2]) - [Stressed: 5.0, Relaxed: 5.0] [Valence: 5.0, Arousal: 8.0
Task(uymz_Video1) B(NoStressed[0]) T(Stressed[1]) Q(Amused[3]) - [Stressed: 3.0, Relaxed: 6.0] [Valence: 5.0, Arousal: 6.0
Task(uymz_Video2) B(NoStressed[0]) T(Stressed[1]) Q(Amused[3]) - [Stressed: 4.0, Relaxed: 6.0] [Valence: 5.0, Arousal: 5.0
Task(iqyg_Breathing) B(NoStressed[0]) T(Relaxed[0]) Q(Relaxed[0]) - [Stressed: 1.0, Relaxed: 8.0] [Valence: 7.0, Arousal: 2.0
Task(iqyg_Counting1) B(Stressed[1]) T(RealStress[2]) Q(RealStress[2]) - [Stressed: 7.0, Relaxed: 3.0] [Valence: 5.0, Arousal: 8.0
Task(iqyg_Counting2) B(Stressed[1]) T(RealStress[2]) Q(RealStress[2]) - [Stressed: 8.0, Relaxed: 3.0] [Valence: 5.0, Arousal: 8.0
Task(iqyg_Counting3) B(Stressed[1]) T(Stressed[1]) Q(Stressed[1]) - [Stressed: 6.0, Relaxed: 4.0] [Valence: 6.0, Arousal: 9.0
Task(iqyg_Math) B(Stressed[1]) T(RealStress[2]) Q(RealStress[2]) - [Stressed: 6.0, Relaxed: 7.0] [Valence: 5.0, Arousal: 8.0
Task(iqyg_Reading) B(Stressed[1]) T(Stressed[1]) Q(Stressed[1]) - [Stressed: 6.0, Relaxed: 6.0] [Valence: 7.0, Arousal: 8.0
Task(iqyg_Relax) B(NoStressed[0]) T(Relaxed[0]) Q(Relaxed[0]) - [Stressed: 2.0, Relaxed: 7.0] [Valence: 7.0, Arousal: 1.0
Task(iqyg_Speaking) B(Stressed[1]) T(RealStress[2]) Q(RealStress[2]) - [Stressed: 8.0, Relaxed: 1.0] [Valence: 4.0, Arousal: 9.0
Task(iqyg_Stroop) B(Stressed[1]) T(RealStress[2]) Q(RealStress[2]) - [Stressed: 8.0, Relaxed: 2.0] [Valence: 4.0, Arousal: 8.0
Task(iqyg_Video1) B(Stressed[1]) T(Stressed[1]) Q(Stressed[1]) - [Stressed: 7.0, Relaxed: 3.0] [Valence: 8.0, Arousal: 3.0
Task(iqyg_Video2) B(NoStressed[0]) T(Stressed[1]) Q(Stressed[1]) - [Stressed: 2.0, Relaxed: 5.0] [Valence: 5.0, Arousal: 2.0
Task(9txq_Breathing) B(NoStressed[0]) T(Relaxed[0]) Q(Relaxed[0]) - [Stressed: 0.0, Relaxed: 8.0] [Valence: 9.0, Arousal: 3.0
Task(9txq_Counting1) B(Stressed[1]) T(RealStress[2]) Q(RealStress[2]) - [Stressed: 8.0, Relaxed: 1.0] [Valence: 5.0, Arousal: 10.0
Task(9txq_Counting2) B(Stressed[1]) T(RealStress[2]) Q(RealStress[2]) - [Stressed: 10.0, Relaxed: 0.0] [Valence: 2.0, Arousal: 9.0
Task(9txq_Counting3) B(Stressed[1]) T(RealStress[2]) Q(RealStress[2]) - [Stressed: 7.0, Relaxed: 2.0] [Valence: 3.0, Arousal: 10.0
Task(9txq_Math) B(Stressed[1]) T(RealStress[2]) Q(RealStress[2]) - [Stressed: 6.0, Relaxed: 3.0] [Valence: 4.0, Arousal: 8.0
Task(9txq_Reading) B(NoStressed[0]) T(Stressed[1]) Q(Amused[3]) - [Stressed: 2.0, Relaxed: 6.0] [Valence: 8.0, Arousal: 7.0
Task(9txq_Relax) B(NoStressed[0]) T(Relaxed[0]) Q(Relaxed[0]) - [Stressed: 1.0, Relaxed: 10.0] [Valence: 7.0, Arousal: 2.0
Task(9txq_Speaking) B(Stressed[1]) T(RealStress[2]) Q(RealStress[2]) - [Stressed: 8.0, Relaxed: 3.0] [Valence: 5.0, Arousal: 9.0
Task(9txq_Stroop) B(Stressed[1]) T(Stressed[1]) Q(Stressed[1]) - [Stressed: 7.0, Relaxed: 4.0] [Valence: 7.0, Arousal: 9.0
Task(9txq_Video1) B(Stressed[1]) T(Stressed[1]) Q(Stressed[1]) - [Stressed: 6.0, Relaxed: 3.0] [Valence: 7.0, Arousal: 8.0
Task(9txq_Video2) B(Stressed[1]) T(RealStress[2]) Q(RealStress[2]) - [Stressed: 8.0, Relaxed: 2.0] [Valence: 3.0, Arousal: 7.0
Task(kycf_Breathing) B(NoStressed[0]) T(Relaxed[0]) Q(Relaxed[0]) - [Stressed: 3.0, Relaxed: 8.0] [Valence: 7.0, Arousal: 2.0
Task(kycf_Counting1) B(Stressed[1]) T(Stressed[1]) Q(Stressed[1]) - [Stressed: 5.0, Relaxed: 5.0] [Valence: 6.0, Arousal: 8.0
Task(kycf_Counting2) B(Stressed[1]) T(RealStress[2]) Q(RealStress[2]) - [Stressed: 6.0, Relaxed: 4.0] [Valence: 5.0, Arousal: 7.0
Task(kycf_Counting3) B(NoStressed[0]) T(Stressed[1]) Q(Amused[3]) - [Stressed: 4.0, Relaxed: 6.0] [Valence: 7.0, Arousal: 8.0
Task(kycf_Math) B(Stressed[1]) T(RealStress[2]) Q(RealStress[2]) - [Stressed: 5.0, Relaxed: 5.0] [Valence: 5.0, Arousal: 8.0
Task(kycf_Reading) B(NoStressed[0]) T(Stressed[1]) Q(Amused[3]) - [Stressed: 4.0, Relaxed: 7.0] [Valence: 7.0, Arousal: 8.0
Task(kycf_Relax) B(NoStressed[0]) T(Relaxed[0]) Q(Relaxed[0]) - [Stressed: 2.0, Relaxed: 9.0] [Valence: 8.0, Arousal: 4.0
Task(kycf_Speaking) B(Stressed[1]) T(RealStress[2]) Q(RealStress[2]) - [Stressed: 6.0, Relaxed: 5.0] [Valence: 5.0, Arousal: 8.0
Task(kycf_Stroop) B(Stressed[1]) T(Stressed[1]) Q(Stressed[1]) - [Stressed: 7.0, Relaxed: 4.0] [Valence: 6.0, Arousal: 9.0
Task(kycf_Video1) B(NoStressed[0]) T(Stressed[1]) Q(Amused[3]) - [Stressed: 4.0, Relaxed: 7.0] [Valence: 7.0, Arousal: 6.0
Task(kycf_Video2) B(Stressed[1]) T(RealStress[2]) Q(RealStress[2]) - [Stressed: 5.0, Relaxed: 5.0] [Valence: 5.0, Arousal: 7.0
Task(k67g_Breathing) B(NoStressed[0]) T(Relaxed[0]) Q(Relaxed[0]) - [Stressed: 0.0, Relaxed: 8.0] [Valence: 6.0, Arousal: 0.0
Task(k67g_Counting1) B(NoStressed[0]) T(Stressed[1]) Q(Amused[3]) - [Stressed: 2.0, Relaxed: 7.0] [Valence: 5.0, Arousal: 0.0
Task(k67g_Counting2) B(Stressed[1]) T(Stressed[1]) Q(Stressed[1]) - [Stressed: 5.0, Relaxed: 3.0] [Valence: 5.0, Arousal: 2.0
Task(k67g_Counting3) B(Stressed[1]) T(Stressed[1]) Q(Stressed[1]) - [Stressed: 7.0, Relaxed: 3.0] [Valence: 5.0, Arousal: 3.0
Task(k67g_Math) B(Stressed[1]) T(Stressed[1]) Q(Stressed[1]) - [Stressed: 5.0, Relaxed: 3.0] [Valence: 5.0, Arousal: 3.0
Task(k67g_Reading) B(NoStressed[0]) T(Stressed[1]) Q(Amused[3]) - [Stressed: 1.0, Relaxed: 8.0] [Valence: 5.0, Arousal: 0.0
Task(k67g_Relax) B(NoStressed[0]) T(Relaxed[0]) Q(Relaxed[0]) - [Stressed: 0.0, Relaxed: 9.0] [Valence: 7.0, Arousal: 3.0
Task(k67g_Speaking) B(Stressed[1]) T(Stressed[1]) Q(Stressed[1]) - [Stressed: 7.0, Relaxed: 3.0] [Valence: 4.0, Arousal: 3.0
Task(k67g_Stroop) B(Stressed[1]) T(Stressed[1]) Q(Stressed[1]) - [Stressed: 7.0, Relaxed: 1.0] [Valence: 6.0, Arousal: 4.0
Task(k67g_Video1) B(NoStressed[0]) T(Stressed[1]) Q(Amused[3]) - [Stressed: 3.0, Relaxed: 3.0] [Valence: 7.0, Arousal: 5.0
Task(k67g_Video2) B(Stressed[1]) T(Stressed[1]) Q(Stressed[1]) - [Stressed: 6.0, Relaxed: 3.0] [Valence: 5.0, Arousal: 3.0
Task(chdf_Breathing) B(NoStressed[0]) T(Stressed[1]) Q(Amused[3]) - [Stressed: 4.0, Relaxed: 4.0] [Valence: 5.0, Arousal: 10.0
Task(chdf_Counting1) B(NoStressed[0]) T(Stressed[1]) Q(Amused[3]) - [Stressed: 4.0, Relaxed: 2.0] [Valence: 5.0, Arousal: 8.0
Task(chdf_Counting2) B(Stressed[1]) T(RealStress[2]) Q(RealStress[2]) - [Stressed: 7.0, Relaxed: 1.0] [Valence: 5.0, Arousal: 10.0
Task(chdf_Counting3) B(Stressed[1]) T(RealStress[2]) Q(RealStress[2]) - [Stressed: 6.0, Relaxed: 3.0] [Valence: 5.0, Arousal: 10.0
Task(chdf_Math) B(Stressed[1]) T(RealStress[2]) Q(RealStress[2]) - [Stressed: 6.0, Relaxed: 1.0] [Valence: 5.0, Arousal: 10.0
Task(chdf_Reading) B(NoStressed[0]) T(Stressed[1]) Q(Amused[3]) - [Stressed: 0.0, Relaxed: 7.0] [Valence: 7.0, Arousal: 10.0
Task(chdf_Relax) B(NoStressed[0]) T(Stressed[1]) Q(Stressed[1]) - [Stressed: 0.0, Relaxed: 5.0] [Valence: 5.0, Arousal: 3.0
Task(chdf_Speaking) B(Stressed[1]) T(RealStress[2]) Q(RealStress[2]) - [Stressed: 5.0, Relaxed: 3.0] [Valence: 5.0, Arousal: 10.0
Task(chdf_Stroop) B(Stressed[1]) T(RealStress[2]) Q(RealStress[2]) - [Stressed: 6.0, Relaxed: 2.0] [Valence: 5.0, Arousal: 10.0
Task(chdf_Video1) B(NoStressed[0]) T(Stressed[1]) Q(Stressed[1]) - [Stressed: 1.0, Relaxed: 3.0] [Valence: 5.0, Arousal: 3.0
Task(chdf_Video2) B(NoStressed[0]) T(Stressed[1]) Q(Amused[3]) - [Stressed: 4.0, Relaxed: 2.0] [Valence: 5.0, Arousal: 5.0
Task(bfl5_Breathing) B(NoStressed[0]) T(Stressed[1]) Q(Amused[3]) - [Stressed: 1.0, Relaxed: 8.0] [Valence: 6.0, Arousal: 6.0
Task(bfl5_Counting1) B(NoStressed[0]) T(Stressed[1]) Q(Amused[3]) - [Stressed: 2.0, Relaxed: 6.0] [Valence: 5.0, Arousal: 8.0
Task(bfl5_Counting2) B(NoStressed[0]) T(Stressed[1]) Q(Amused[3]) - [Stressed: 3.0, Relaxed: 5.0] [Valence: 5.0, Arousal: 9.0
Task(bfl5_Counting3) B(Stressed[1]) T(RealStress[2]) Q(RealStress[2]) - [Stressed: 6.0, Relaxed: 6.0] [Valence: 5.0, Arousal: 6.0
Task(bfl5_Math) B(NoStressed[0]) T(Stressed[1]) Q(Amused[3]) - [Stressed: 4.0, Relaxed: 6.0] [Valence: 6.0, Arousal: 8.0
Task(bfl5_Reading) B(Stressed[1]) T(RealStress[2]) Q(RealStress[2]) - [Stressed: 5.0, Relaxed: 4.0] [Valence: 4.0, Arousal: 6.0
Task(bfl5_Relax) B(NoStressed[0]) T(Stressed[1]) Q(Amused[3]) - [Stressed: 2.0, Relaxed: 6.0] [Valence: 5.0, Arousal: 4.0
Task(bfl5_Speaking) B(NoStressed[0]) T(Stressed[1]) Q(Amused[3]) - [Stressed: 3.0, Relaxed: 5.0] [Valence: 5.0, Arousal: 6.0
Task(bfl5_Stroop) B(Stressed[1]) T(RealStress[2]) Q(RealStress[2]) - [Stressed: 7.0, Relaxed: 4.0] [Valence: 4.0, Arousal: 9.0
Task(bfl5_Video1) B(NoStressed[0]) T(Stressed[1]) Q(Amused[3]) - [Stressed: 1.0, Relaxed: 7.0] [Valence: 7.0, Arousal: 8.0
Task(bfl5_Video2) B(NoStressed[0]) T(Stressed[1]) Q(Amused[3]) - [Stressed: 2.0, Relaxed: 6.0] [Valence: 6.0, Arousal: 7.0
Task(dmbd_Breathing) B(NoStressed[0]) T(Stressed[1]) Q(Amused[3]) - [Stressed: 1.0, Relaxed: 8.0] [Valence: 8.0, Arousal: 7.0
Task(dmbd_Counting1) B(Stressed[1]) T(Stressed[1]) Q(Stressed[1]) - [Stressed: 9.0, Relaxed: 4.0] [Valence: 0.0, Arousal: 4.0
Task(dmbd_Counting2) B(Stressed[1]) T(RealStress[2]) Q(RealStress[2]) - [Stressed: 7.0, Relaxed: 6.0] [Valence: 5.0, Arousal: 5.0
Task(dmbd_Counting3) B(NoStressed[0]) T(Stressed[1]) Q(Amused[3]) - [Stressed: 3.0, Relaxed: 6.0] [Valence: 6.0, Arousal: 8.0
Task(dmbd_Math) B(Stressed[1]) T(RealStress[2]) Q(RealStress[2]) - [Stressed: 8.0, Relaxed: 6.0] [Valence: 4.0, Arousal: 6.0
Task(dmbd_Reading) B(NoStressed[0]) T(Stressed[1]) Q(Amused[3]) - [Stressed: 4.0, Relaxed: 7.0] [Valence: 6.0, Arousal: 6.0
Task(dmbd_Relax) B(NoStressed[0]) T(Stressed[1]) Q(Amused[3]) - [Stressed: 1.0, Relaxed: 6.0] [Valence: 5.0, Arousal: 6.0
Task(dmbd_Speaking) B(NoStressed[0]) T(Stressed[1]) Q(Amused[3]) - [Stressed: 2.0, Relaxed: 8.0] [Valence: 7.0, Arousal: 9.0
Task(dmbd_Stroop) B(Stressed[1]) T(Stressed[1]) Q(Stressed[1]) - [Stressed: 5.0, Relaxed: 6.0] [Valence: 6.0, Arousal: 6.0
Task(dmbd_Video1) B(NoStressed[0]) T(Stressed[1]) Q(Amused[3]) - [Stressed: 2.0, Relaxed: 8.0] [Valence: 8.0, Arousal: 9.0
Task(dmbd_Video2) B(Stressed[1]) T(RealStress[2]) Q(RealStress[2]) - [Stressed: 7.0, Relaxed: 5.0] [Valence: 4.0, Arousal: 7.0
Task(8g4y_Breathing) B(NoStressed[0]) T(Stressed[1]) Q(Amused[3]) - [Stressed: 2.0, Relaxed: 9.0] [Valence: 8.0, Arousal: 5.0
Task(8g4y_Counting1) B(NoStressed[0]) T(Stressed[1]) Q(Amused[3]) - [Stressed: 4.0, Relaxed: 7.0] [Valence: 8.0, Arousal: 8.0
Task(8g4y_Counting2) B(Stressed[1]) T(RealStress[2]) Q(RealStress[2]) - [Stressed: 5.0, Relaxed: 6.0] [Valence: 5.0, Arousal: 6.0
Task(8g4y_Counting3) B(NoStressed[0]) T(Stressed[1]) Q(Stressed[1]) - [Stressed: 3.0, Relaxed: 6.0] [Valence: 4.0, Arousal: 8.0
Task(8g4y_Math) B(Stressed[1]) T(Stressed[1]) Q(Stressed[1]) - [Stressed: 5.0, Relaxed: 6.0] [Valence: 7.0, Arousal: 7.0
Task(8g4y_Reading) B(Stressed[1]) T(Stressed[1]) Q(Stressed[1]) - [Stressed: 6.0, Relaxed: 4.0] [Valence: 7.0, Arousal: 8.0
Task(8g4y_Relax) B(NoStressed[0]) T(Relaxed[0]) Q(Relaxed[0]) - [Stressed: 2.0, Relaxed: 9.0] [Valence: 8.0, Arousal: 2.0
Task(8g4y_Speaking) B(Stressed[1]) T(Stressed[1]) Q(Stressed[1]) - [Stressed: 7.0, Relaxed: 2.0] [Valence: 3.0, Arousal: 4.0
Task(8g4y_Stroop) B(Stressed[1]) T(Stressed[1]) Q(Stressed[1]) - [Stressed: 5.0, Relaxed: 4.0] [Valence: 7.0, Arousal: 8.0
Task(8g4y_Video1) B(NoStressed[0]) T(Stressed[1]) Q(Amused[3]) - [Stressed: 1.0, Relaxed: 8.0] [Valence: 6.0, Arousal: 7.0
Task(8g4y_Video2) B(NoStressed[0]) T(Stressed[1]) Q(Stressed[1]) - [Stressed: 3.0, Relaxed: 6.0] [Valence: 4.0, Arousal: 6.0
Task(qw5t_Breathing) B(NoStressed[0]) T(Relaxed[0]) Q(Relaxed[0]) - [Stressed: 2.0, Relaxed: 9.0] [Valence: 6.0, Arousal: 3.0
Task(qw5t_Counting1) B(Stressed[1]) T(RealStress[2]) Q(RealStress[2]) - [Stressed: 9.0, Relaxed: 0.0] [Valence: 5.0, Arousal: 8.0
Task(qw5t_Counting2) B(Stressed[1]) T(RealStress[2]) Q(RealStress[2]) - [Stressed: 8.0, Relaxed: 2.0] [Valence: 5.0, Arousal: 7.0
Task(qw5t_Counting3) B(Stressed[1]) T(Stressed[1]) Q(Stressed[1]) - [Stressed: 7.0, Relaxed: 5.0] [Valence: 6.0, Arousal: 6.0
Task(qw5t_Math) B(Stressed[1]) T(Stressed[1]) Q(Stressed[1]) - [Stressed: 7.0, Relaxed: 4.0] [Valence: 6.0, Arousal: 8.0
Task(qw5t_Reading) B(Stressed[1]) T(Stressed[1]) Q(Stressed[1]) - [Stressed: 7.0, Relaxed: 3.0] [Valence: 6.0, Arousal: 8.0
Task(qw5t_Relax) B(NoStressed[0]) T(Relaxed[0]) Q(Relaxed[0]) - [Stressed: 1.0, Relaxed: 8.0] [Valence: 6.0, Arousal: 2.0
Task(qw5t_Speaking) B(Stressed[1]) T(Stressed[1]) Q(Stressed[1]) - [Stressed: 8.0, Relaxed: 4.0] [Valence: 7.0, Arousal: 8.0
Task(qw5t_Stroop) B(Stressed[1]) T(Stressed[1]) Q(Stressed[1]) - [Stressed: 7.0, Relaxed: 4.0] [Valence: 6.0, Arousal: 9.0
Task(qw5t_Video1) B(Stressed[1]) T(Stressed[1]) Q(Stressed[1]) - [Stressed: 6.0, Relaxed: 4.0] [Valence: 7.0, Arousal: 7.0
Task(qw5t_Video2) B(Stressed[1]) T(RealStress[2]) Q(RealStress[2]) - [Stressed: 7.0, Relaxed: 3.0] [Valence: 4.0, Arousal: 8.0
Task(h8r2_Breathing) B(NoStressed[0]) T(Stressed[1]) Q(Stressed[1]) - [Stressed: 1.0, Relaxed: 9.0] [Valence: 5.0, Arousal: 1.0
Task(h8r2_Counting1) B(Stressed[1]) T(RealStress[2]) Q(RealStress[2]) - [Stressed: 7.0, Relaxed: 3.0] [Valence: 5.0, Arousal: 9.0
Task(h8r2_Counting2) B(Stressed[1]) T(RealStress[2]) Q(RealStress[2]) - [Stressed: 7.0, Relaxed: 3.0] [Valence: 3.0, Arousal: 9.0
Task(h8r2_Counting3) B(Stressed[1]) T(RealStress[2]) Q(RealStress[2]) - [Stressed: 7.0, Relaxed: 3.0] [Valence: 4.0, Arousal: 10.0
Task(h8r2_Math) B(Stressed[1]) T(RealStress[2]) Q(RealStress[2]) - [Stressed: 6.0, Relaxed: 3.0] [Valence: 5.0, Arousal: 9.0
Task(h8r2_Reading) B(NoStressed[0]) T(Stressed[1]) Q(Amused[3]) - [Stressed: 4.0, Relaxed: 6.0] [Valence: 5.0, Arousal: 7.0
Task(h8r2_Relax) B(NoStressed[0]) T(Relaxed[0]) Q(Relaxed[0]) - [Stressed: 1.0, Relaxed: 8.0] [Valence: 9.0, Arousal: 2.0
Task(h8r2_Speaking) B(Stressed[1]) T(RealStress[2]) Q(RealStress[2]) - [Stressed: 7.0, Relaxed: 3.0] [Valence: 3.0, Arousal: 6.0
Task(h8r2_Stroop) B(Stressed[1]) T(RealStress[2]) Q(RealStress[2]) - [Stressed: 5.0, Relaxed: 3.0] [Valence: 5.0, Arousal: 10.0
Task(h8r2_Video1) B(NoStressed[0]) T(Stressed[1]) Q(Amused[3]) - [Stressed: 4.0, Relaxed: 6.0] [Valence: 7.0, Arousal: 7.0
Task(h8r2_Video2) B(NoStressed[0]) T(Stressed[1]) Q(Stressed[1]) - [Stressed: 4.0, Relaxed: 4.0] [Valence: 4.0, Arousal: 5.0
Task(2z7d_Breathing) B(Stressed[1]) T(RealStress[2]) Q(RealStress[2]) - [Stressed: 6.0, Relaxed: 6.0] [Valence: 4.0, Arousal: 5.0
Task(2z7d_Counting1) B(Stressed[1]) T(RealStress[2]) Q(RealStress[2]) - [Stressed: 7.0, Relaxed: 2.0] [Valence: 4.0, Arousal: 7.0
Task(2z7d_Counting2) B(Stressed[1]) T(RealStress[2]) Q(RealStress[2]) - [Stressed: 8.0, Relaxed: 1.0] [Valence: 3.0, Arousal: 9.0
Task(2z7d_Counting3) B(Stressed[1]) T(RealStress[2]) Q(RealStress[2]) - [Stressed: 6.0, Relaxed: 3.0] [Valence: 4.0, Arousal: 8.0
Task(2z7d_Math) B(Stressed[1]) T(Stressed[1]) Q(Stressed[1]) - [Stressed: 7.0, Relaxed: 2.0] [Valence: 6.0, Arousal: 8.0
Task(2z7d_Reading) B(Stressed[1]) T(RealStress[2]) Q(RealStress[2]) - [Stressed: 6.0, Relaxed: 3.0] [Valence: 3.0, Arousal: 8.0
Task(2z7d_Relax) B(NoStressed[0]) T(Relaxed[0]) Q(Relaxed[0]) - [Stressed: 3.0, Relaxed: 6.0] [Valence: 7.0, Arousal: 4.0
Task(2z7d_Speaking) B(Stressed[1]) T(RealStress[2]) Q(RealStress[2]) - [Stressed: 9.0, Relaxed: 1.0] [Valence: 2.0, Arousal: 8.0
Task(2z7d_Stroop) B(Stressed[1]) T(Stressed[1]) Q(Stressed[1]) - [Stressed: 8.0, Relaxed: 1.0] [Valence: 6.0, Arousal: 9.0
Task(2z7d_Video1) B(NoStressed[0]) T(Stressed[1]) Q(Amused[3]) - [Stressed: 2.0, Relaxed: 7.0] [Valence: 8.0, Arousal: 7.0
Task(2z7d_Video2) B(Stressed[1]) T(RealStress[2]) Q(RealStress[2]) - [Stressed: 8.0, Relaxed: 3.0] [Valence: 5.0, Arousal: 7.0
Task(j9h8_Breathing) B(Stressed[1]) T(RealStress[2]) Q(RealStress[2]) - [Stressed: 6.0, Relaxed: 8.0] [Valence: 5.0, Arousal: 6.0
Task(j9h8_Counting1) B(Stressed[1]) T(RealStress[2]) Q(RealStress[2]) - [Stressed: 7.0, Relaxed: 3.0] [Valence: 2.0, Arousal: 8.0
Task(j9h8_Counting2) B(Stressed[1]) T(RealStress[2]) Q(RealStress[2]) - [Stressed: 6.0, Relaxed: 5.0] [Valence: 5.0, Arousal: 9.0
Task(j9h8_Counting3) B(Stressed[1]) T(Stressed[1]) Q(Stressed[1]) - [Stressed: 7.0, Relaxed: 4.0] [Valence: 4.0, Arousal: 3.0
Task(j9h8_Math) B(Stressed[1]) T(RealStress[2]) Q(RealStress[2]) - [Stressed: 6.0, Relaxed: 6.0] [Valence: 5.0, Arousal: 6.0
Task(j9h8_Reading) B(Stressed[1]) T(Stressed[1]) Q(Stressed[1]) - [Stressed: 5.0, Relaxed: 5.0] [Valence: 6.0, Arousal: 4.0
Task(j9h8_Relax) B(NoStressed[0]) T(Stressed[1]) Q(Amused[3]) - [Stressed: 1.0, Relaxed: 9.0] [Valence: 9.0, Arousal: 9.0
Task(j9h8_Speaking) B(Stressed[1]) T(Stressed[1]) Q(Stressed[1]) - [Stressed: 8.0, Relaxed: 3.0] [Valence: 3.0, Arousal: 3.0
Task(j9h8_Stroop) B(Stressed[1]) T(RealStress[2]) Q(RealStress[2]) - [Stressed: 9.0, Relaxed: 3.0] [Valence: 2.0, Arousal: 8.0
Task(j9h8_Video1) B(NoStressed[0]) T(Stressed[1]) Q(Amused[3]) - [Stressed: 4.0, Relaxed: 8.0] [Valence: 9.0, Arousal: 8.0
Task(j9h8_Video2) B(Stressed[1]) T(RealStress[2]) Q(RealStress[2]) - [Stressed: 8.0, Relaxed: 3.0] [Valence: 5.0, Arousal: 7.0
Task(9t6n_Breathing) B(NoStressed[0]) T(Stressed[1]) Q(Amused[3]) - [Stressed: 4.0, Relaxed: 6.0] [Valence: 7.0, Arousal: 6.0
Task(9t6n_Counting1) B(Stressed[1]) T(RealStress[2]) Q(RealStress[2]) - [Stressed: 7.0, Relaxed: 3.0] [Valence: 4.0, Arousal: 8.0
Task(9t6n_Counting2) B(Stressed[1]) T(RealStress[2]) Q(RealStress[2]) - [Stressed: 8.0, Relaxed: 2.0] [Valence: 3.0, Arousal: 9.0
Task(9t6n_Counting3) B(Stressed[1]) T(RealStress[2]) Q(RealStress[2]) - [Stressed: 8.0, Relaxed: 2.0] [Valence: 3.0, Arousal: 8.0
Task(9t6n_Math) B(Stressed[1]) T(RealStress[2]) Q(RealStress[2]) - [Stressed: 7.0, Relaxed: 3.0] [Valence: 3.0, Arousal: 7.0
Task(9t6n_Reading) B(Stressed[1]) T(RealStress[2]) Q(RealStress[2]) - [Stressed: 8.0, Relaxed: 3.0] [Valence: 5.0, Arousal: 7.0
Task(9t6n_Relax) B(NoStressed[0]) T(Stressed[1]) Q(Amused[3]) - [Stressed: 2.0, Relaxed: 8.0] [Valence: 8.0, Arousal: 7.0
Task(9t6n_Speaking) B(Stressed[1]) T(Stressed[1]) Q(Stressed[1]) - [Stressed: 7.0, Relaxed: 4.0] [Valence: 6.0, Arousal: 7.0
Task(9t6n_Stroop) B(Stressed[1]) T(Stressed[1]) Q(Stressed[1]) - [Stressed: 7.0, Relaxed: 3.0] [Valence: 7.0, Arousal: 9.0
Task(9t6n_Video1) B(Stressed[1]) T(Stressed[1]) Q(Stressed[1]) - [Stressed: 5.0, Relaxed: 5.0] [Valence: 7.0, Arousal: 6.0
Task(9t6n_Video2) B(Stressed[1]) T(RealStress[2]) Q(RealStress[2]) - [Stressed: 6.0, Relaxed: 5.0] [Valence: 5.0, Arousal: 6.0
Task(u3v9_Breathing) B(Stressed[1]) T(RealStress[2]) Q(RealStress[2]) - [Stressed: 5.0, Relaxed: 7.0] [Valence: 5.0, Arousal: 7.0
Task(u3v9_Counting1) B(NoStressed[0]) T(Stressed[1]) Q(Amused[3]) - [Stressed: 4.0, Relaxed: 0.0] [Valence: 5.0, Arousal: 6.0
Task(u3v9_Counting2) B(NoStressed[0]) T(Stressed[1]) Q(Stressed[1]) - [Stressed: 4.0, Relaxed: 0.0] [Valence: 4.0, Arousal: 6.0
Task(u3v9_Counting3) B(NoStressed[0]) T(Stressed[1]) Q(Amused[3]) - [Stressed: 4.0, Relaxed: 1.0] [Valence: 5.0, Arousal: 8.0
Task(u3v9_Math) B(Stressed[1]) T(RealStress[2]) Q(RealStress[2]) - [Stressed: 6.0, Relaxed: 0.0] [Valence: 5.0, Arousal: 6.0
Task(u3v9_Reading) B(NoStressed[0]) T(Stressed[1]) Q(Amused[3]) - [Stressed: 4.0, Relaxed: 2.0] [Valence: 7.0, Arousal: 8.0
Task(u3v9_Relax) B(NoStressed[0]) T(Stressed[1]) Q(Amused[3]) - [Stressed: 4.0, Relaxed: 5.0] [Valence: 6.0, Arousal: 7.0
Task(u3v9_Speaking) B(Stressed[1]) T(RealStress[2]) Q(RealStress[2]) - [Stressed: 5.0, Relaxed: 3.0] [Valence: 5.0, Arousal: 7.0
Task(u3v9_Stroop) B(Stressed[1]) T(Stressed[1]) Q(Stressed[1]) - [Stressed: 6.0, Relaxed: 0.0] [Valence: 6.0, Arousal: 7.0
Task(u3v9_Video1) B(Stressed[1]) T(RealStress[2]) Q(RealStress[2]) - [Stressed: 5.0, Relaxed: 6.0] [Valence: 5.0, Arousal: 6.0
Task(u3v9_Video2) B(Stressed[1]) T(RealStress[2]) Q(RealStress[2]) - [Stressed: 5.0, Relaxed: 3.0] [Valence: 5.0, Arousal: 6.0
Task(w2t5_Breathing) B(NoStressed[0]) T(Stressed[1]) Q(Amused[3]) - [Stressed: 3.0, Relaxed: 8.0] [Valence: 6.0, Arousal: 5.0
Task(w2t5_Counting1) B(Stressed[1]) T(RealStress[2]) Q(RealStress[2]) - [Stressed: 6.0, Relaxed: 2.0] [Valence: 3.0, Arousal: 7.0
Task(w2t5_Counting2) B(Stressed[1]) T(Stressed[1]) Q(Stressed[1]) - [Stressed: 8.0, Relaxed: 1.0] [Valence: 6.0, Arousal: 7.0
Task(w2t5_Counting3) B(Stressed[1]) T(Stressed[1]) Q(Stressed[1]) - [Stressed: 7.0, Relaxed: 4.0] [Valence: 6.0, Arousal: 7.0
Task(w2t5_Math) B(Stressed[1]) T(RealStress[2]) Q(RealStress[2]) - [Stressed: 6.0, Relaxed: 6.0] [Valence: 5.0, Arousal: 7.0
Task(w2t5_Reading) B(Stressed[1]) T(RealStress[2]) Q(RealStress[2]) - [Stressed: 6.0, Relaxed: 4.0] [Valence: 5.0, Arousal: 6.0
Task(w2t5_Relax) B(Stressed[1]) T(Stressed[1]) Q(Stressed[1]) - [Stressed: 5.0, Relaxed: 6.0] [Valence: 4.0, Arousal: 2.0
Task(w2t5_Speaking) B(Stressed[1]) T(RealStress[2]) Q(RealStress[2]) - [Stressed: 7.0, Relaxed: 2.0] [Valence: 5.0, Arousal: 8.0
Task(w2t5_Stroop) B(NoStressed[0]) T(Stressed[1]) Q(Amused[3]) - [Stressed: 4.0, Relaxed: 6.0] [Valence: 8.0, Arousal: 10.0
Task(w2t5_Video1) B(NoStressed[0]) T(Stressed[1]) Q(Amused[3]) - [Stressed: 0.0, Relaxed: 8.0] [Valence: 8.0, Arousal: 7.0
Task(w2t5_Video2) B(NoStressed[0]) T(Stressed[1]) Q(Stressed[1]) - [Stressed: 4.0, Relaxed: 6.0] [Valence: 4.0, Arousal: 5.0
Task(7m3c_Breathing) B(NoStressed[0]) T(Stressed[1]) Q(Amused[3]) - [Stressed: 0.0, Relaxed: 6.0] [Valence: 6.0, Arousal: 5.0
Task(7m3c_Counting1) B(Stressed[1]) T(RealStress[2]) Q(RealStress[2]) - [Stressed: 7.0, Relaxed: 2.0] [Valence: 4.0, Arousal: 8.0
Task(7m3c_Counting2) B(Stressed[1]) T(RealStress[2]) Q(RealStress[2]) - [Stressed: 8.0, Relaxed: 0.0] [Valence: 3.0, Arousal: 8.0
Task(7m3c_Counting3) B(Stressed[1]) T(RealStress[2]) Q(RealStress[2]) - [Stressed: 7.0, Relaxed: 2.0] [Valence: 4.0, Arousal: 6.0
Task(7m3c_Math) B(NoStressed[0]) T(Stressed[1]) Q(Amused[3]) - [Stressed: 4.0, Relaxed: 4.0] [Valence: 5.0, Arousal: 9.0
Task(7m3c_Reading) B(NoStressed[0]) T(Stressed[1]) Q(Amused[3]) - [Stressed: 3.0, Relaxed: 5.0] [Valence: 6.0, Arousal: 9.0
Task(7m3c_Relax) B(NoStressed[0]) T(Stressed[1]) Q(Stressed[1]) - [Stressed: 3.0, Relaxed: 3.0] [Valence: 3.0, Arousal: 0.0
Task(7m3c_Speaking) B(Stressed[1]) T(Stressed[1]) Q(Stressed[1]) - [Stressed: 8.0, Relaxed: 2.0] [Valence: 0.0, Arousal: 3.0
Task(7m3c_Stroop) B(NoStressed[0]) T(Stressed[1]) Q(Amused[3]) - [Stressed: 3.0, Relaxed: 6.0] [Valence: 8.0, Arousal: 10.0
Task(7m3c_Video1) B(Stressed[1]) T(RealStress[2]) Q(RealStress[2]) - [Stressed: 6.0, Relaxed: 3.0] [Valence: 3.0, Arousal: 6.0
Task(7m3c_Video2) B(Stressed[1]) T(RealStress[2]) Q(RealStress[2]) - [Stressed: 7.0, Relaxed: 1.0] [Valence: 1.0, Arousal: 5.0
Task(6k5f_Breathing) B(NoStressed[0]) T(Stressed[1]) Q(Amused[3]) - [Stressed: 0.0, Relaxed: 7.0] [Valence: 6.0, Arousal: 8.0
Task(6k5f_Counting1) B(Stressed[1]) T(RealStress[2]) Q(RealStress[2]) - [Stressed: 7.0, Relaxed: 2.0] [Valence: 3.0, Arousal: 6.0
Task(6k5f_Counting2) B(Stressed[1]) T(RealStress[2]) Q(RealStress[2]) - [Stressed: 7.0, Relaxed: 1.0] [Valence: 2.0, Arousal: 6.0
Task(6k5f_Counting3) B(Stressed[1]) T(RealStress[2]) Q(RealStress[2]) - [Stressed: 5.0, Relaxed: 2.0] [Valence: 3.0, Arousal: 6.0
Task(6k5f_Math) B(NoStressed[0]) T(Stressed[1]) Q(Amused[3]) - [Stressed: 3.0, Relaxed: 3.0] [Valence: 6.0, Arousal: 6.0
Task(6k5f_Reading) B(NoStressed[0]) T(Stressed[1]) Q(Amused[3]) - [Stressed: 3.0, Relaxed: 4.0] [Valence: 6.0, Arousal: 6.0
Task(6k5f_Relax) B(Stressed[1]) T(RealStress[2]) Q(RealStress[2]) - [Stressed: 6.0, Relaxed: 3.0] [Valence: 3.0, Arousal: 6.0
Task(6k5f_Speaking) B(Stressed[1]) T(RealStress[2]) Q(RealStress[2]) - [Stressed: 8.0, Relaxed: 2.0] [Valence: 3.0, Arousal: 7.0
Task(6k5f_Stroop) B(Stressed[1]) T(RealStress[2]) Q(RealStress[2]) - [Stressed: 5.0, Relaxed: 2.0] [Valence: 3.0, Arousal: 7.0
Task(6k5f_Video1) B(NoStressed[0]) T(Stressed[1]) Q(Amused[3]) - [Stressed: 1.0, Relaxed: 4.0] [Valence: 8.0, Arousal: 9.0
Task(6k5f_Video2) B(NoStressed[0]) T(Stressed[1]) Q(Stressed[1]) - [Stressed: 2.0, Relaxed: 4.0] [Valence: 4.0, Arousal: 8.0
Task(x1q3_Breathing) B(NoStressed[0]) T(Stressed[1]) Q(Amused[3]) - [Stressed: 2.0, Relaxed: 7.0] [Valence: 8.0, Arousal: 10.0
Task(x1q3_Counting1) B(Stressed[1]) T(Stressed[1]) Q(Stressed[1]) - [Stressed: 8.0, Relaxed: 5.0] [Valence: 7.0, Arousal: 9.0
Task(x1q3_Counting2) B(Stressed[1]) T(Stressed[1]) Q(Stressed[1]) - [Stressed: 8.0, Relaxed: 7.0] [Valence: 7.0, Arousal: 9.0
Task(x1q3_Counting3) B(Stressed[1]) T(Stressed[1]) Q(Stressed[1]) - [Stressed: 7.0, Relaxed: 6.0] [Valence: 7.0, Arousal: 9.0
Task(x1q3_Math) B(Stressed[1]) T(Stressed[1]) Q(Stressed[1]) - [Stressed: 6.0, Relaxed: 7.0] [Valence: 8.0, Arousal: 9.0
Task(x1q3_Reading) B(Stressed[1]) T(Stressed[1]) Q(Stressed[1]) - [Stressed: 7.0, Relaxed: 7.0] [Valence: 6.0, Arousal: 7.0
Task(x1q3_Relax) B(NoStressed[0]) T(Stressed[1]) Q(Amused[3]) - [Stressed: 1.0, Relaxed: 9.0] [Valence: 9.0, Arousal: 8.0
Task(x1q3_Speaking) B(Stressed[1]) T(Stressed[1]) Q(Stressed[1]) - [Stressed: 8.0, Relaxed: 8.0] [Valence: 8.0, Arousal: 8.0
Task(x1q3_Stroop) B(Stressed[1]) T(Stressed[1]) Q(Stressed[1]) - [Stressed: 7.0, Relaxed: 7.0] [Valence: 8.0, Arousal: 8.0
Task(x1q3_Video1) B(Stressed[1]) T(Stressed[1]) Q(Stressed[1]) - [Stressed: 6.0, Relaxed: 7.0] [Valence: 7.0, Arousal: 10.0
Task(x1q3_Video2) B(Stressed[1]) T(RealStress[2]) Q(RealStress[2]) - [Stressed: 8.0, Relaxed: 0.0] [Valence: 3.0, Arousal: 9.0
Task(r5s8_Breathing) B(NoStressed[0]) T(Stressed[1]) Q(Stressed[1]) - [Stressed: 0.0, Relaxed: 1.0] [Valence: 5.0, Arousal: 3.0
Task(r5s8_Counting1) B(NoStressed[0]) T(Stressed[1]) Q(Stressed[1]) - [Stressed: 2.0, Relaxed: 7.0] [Valence: 4.0, Arousal: 5.0
Task(r5s8_Counting2) B(Stressed[1]) T(RealStress[2]) Q(RealStress[2]) - [Stressed: 7.0, Relaxed: 4.0] [Valence: 3.0, Arousal: 7.0
Task(r5s8_Counting3) B(Stressed[1]) T(RealStress[2]) Q(RealStress[2]) - [Stressed: 6.0, Relaxed: 5.0] [Valence: 3.0, Arousal: 7.0
Task(r5s8_Math) B(NoStressed[0]) T(Stressed[1]) Q(Amused[3]) - [Stressed: 2.0, Relaxed: 3.0] [Valence: 5.0, Arousal: 5.0
Task(r5s8_Reading) B(Stressed[1]) T(Stressed[1]) Q(Stressed[1]) - [Stressed: 5.0, Relaxed: 4.0] [Valence: 6.0, Arousal: 8.0
Task(r5s8_Relax) B(Stressed[1]) T(RealStress[2]) Q(RealStress[2]) - [Stressed: 5.0, Relaxed: 4.0] [Valence: 5.0, Arousal: 6.0
Task(r5s8_Speaking) B(NoStressed[0]) T(Stressed[1]) Q(Amused[3]) - [Stressed: 3.0, Relaxed: 3.0] [Valence: 8.0, Arousal: 7.0
Task(r5s8_Stroop) B(Stressed[1]) T(Stressed[1]) Q(Stressed[1]) - [Stressed: 6.0, Relaxed: 3.0] [Valence: 8.0, Arousal: 7.0
Task(r5s8_Video1) B(NoStressed[0]) T(Stressed[1]) Q(Amused[3]) - [Stressed: 2.0, Relaxed: 6.0] [Valence: 8.0, Arousal: 9.0
Task(r5s8_Video2) B(NoStressed[0]) T(Stressed[1]) Q(Amused[3]) - [Stressed: 2.0, Relaxed: 5.0] [Valence: 6.0, Arousal: 5.0
Task(y9z6_Breathing) B(NoStressed[0]) T(Stressed[1]) Q(Amused[3]) - [Stressed: 3.0, Relaxed: 8.0] [Valence: 7.0, Arousal: 5.0
Task(y9z6_Counting1) B(Stressed[1]) T(Stressed[1]) Q(Stressed[1]) - [Stressed: 5.0, Relaxed: 6.0] [Valence: 7.0, Arousal: 7.0
Task(y9z6_Counting2) B(Stressed[1]) T(Stressed[1]) Q(Stressed[1]) - [Stressed: 6.0, Relaxed: 4.0] [Valence: 6.0, Arousal: 8.0
Task(y9z6_Counting3) B(NoStressed[0]) T(Stressed[1]) Q(Amused[3]) - [Stressed: 4.0, Relaxed: 6.0] [Valence: 7.0, Arousal: 8.0
Task(y9z6_Math) B(Stressed[1]) T(RealStress[2]) Q(RealStress[2]) - [Stressed: 5.0, Relaxed: 3.0] [Valence: 4.0, Arousal: 6.0
Task(y9z6_Reading) B(NoStressed[0]) T(Stressed[1]) Q(Amused[3]) - [Stressed: 3.0, Relaxed: 6.0] [Valence: 7.0, Arousal: 8.0
Task(y9z6_Relax) B(NoStressed[0]) T(Relaxed[0]) Q(Relaxed[0]) - [Stressed: 1.0, Relaxed: 6.0] [Valence: 6.0, Arousal: 3.0
Task(y9z6_Speaking) B(Stressed[1]) T(RealStress[2]) Q(RealStress[2]) - [Stressed: 7.0, Relaxed: 2.0] [Valence: 4.0, Arousal: 7.0
Task(y9z6_Stroop) B(Stressed[1]) T(Stressed[1]) Q(Stressed[1]) - [Stressed: 6.0, Relaxed: 4.0] [Valence: 6.0, Arousal: 7.0
Task(y9z6_Video1) B(Stressed[1]) T(RealStress[2]) Q(RealStress[2]) - [Stressed: 5.0, Relaxed: 3.0] [Valence: 4.0, Arousal: 6.0
Task(y9z6_Video2) B(NoStressed[0]) T(Stressed[1]) Q(Amused[3]) - [Stressed: 4.0, Relaxed: 3.0] [Valence: 5.0, Arousal: 4.0
Task(4e8r_Breathing) B(NoStressed[0]) T(Stressed[1]) Q(Amused[3]) - [Stressed: 0.0, Relaxed: 8.0] [Valence: 5.0, Arousal: 5.0
Task(4e8r_Counting1) B(NoStressed[0]) T(Stressed[1]) Q(Amused[3]) - [Stressed: 4.0, Relaxed: 3.0] [Valence: 5.0, Arousal: 6.0
Task(4e8r_Counting2) B(NoStressed[0]) T(Stressed[1]) Q(Amused[3]) - [Stressed: 4.0, Relaxed: 3.0] [Valence: 5.0, Arousal: 5.0
Task(4e8r_Counting3) B(NoStressed[0]) T(Stressed[1]) Q(Stressed[1]) - [Stressed: 4.0, Relaxed: 2.0] [Valence: 4.0, Arousal: 6.0
Task(4e8r_Math) B(NoStressed[0]) T(Stressed[1]) Q(Amused[3]) - [Stressed: 4.0, Relaxed: 4.0] [Valence: 6.0, Arousal: 7.0
Task(4e8r_Reading) B(NoStressed[0]) T(Stressed[1]) Q(Stressed[1]) - [Stressed: 2.0, Relaxed: 6.0] [Valence: 4.0, Arousal: 7.0
Task(4e8r_Relax) B(NoStressed[0]) T(Stressed[1]) Q(Stressed[1]) - [Stressed: 0.0, Relaxed: 5.0] [Valence: 5.0, Arousal: 2.0
Task(4e8r_Speaking) B(NoStressed[0]) T(Stressed[1]) Q(Stressed[1]) - [Stressed: 3.0, Relaxed: 4.0] [Valence: 4.0, Arousal: 3.0
Task(4e8r_Stroop) B(NoStressed[0]) T(Stressed[1]) Q(Amused[3]) - [Stressed: 4.0, Relaxed: 3.0] [Valence: 5.0, Arousal: 6.0
Task(4e8r_Video1) B(NoStressed[0]) T(Stressed[1]) Q(Amused[3]) - [Stressed: 1.0, Relaxed: 7.0] [Valence: 6.0, Arousal: 6.0
Task(4e8r_Video2) B(NoStressed[0]) T(Stressed[1]) Q(Stressed[1]) - [Stressed: 1.0, Relaxed: 5.0] [Valence: 4.0, Arousal: 4.0
Task(5f7t_Breathing) B(NoStressed[0]) T(Relaxed[0]) Q(Relaxed[0]) - [Stressed: 0.0, Relaxed: 10.0] [Valence: 6.0, Arousal: 4.0
Task(5f7t_Counting1) B(NoStressed[0]) T(Stressed[1]) Q(Amused[3]) - [Stressed: 4.0, Relaxed: 3.0] [Valence: 6.0, Arousal: 9.0
Task(5f7t_Counting2) B(Stressed[1]) T(RealStress[2]) Q(RealStress[2]) - [Stressed: 5.0, Relaxed: 3.0] [Valence: 5.0, Arousal: 9.0
Task(5f7t_Counting3) B(NoStressed[0]) T(Stressed[1]) Q(Amused[3]) - [Stressed: 4.0, Relaxed: 2.0] [Valence: 6.0, Arousal: 8.0
Task(5f7t_Math) B(Stressed[1]) T(RealStress[2]) Q(RealStress[2]) - [Stressed: 5.0, Relaxed: 2.0] [Valence: 4.0, Arousal: 8.0
Task(5f7t_Reading) B(NoStressed[0]) T(Stressed[1]) Q(Amused[3]) - [Stressed: 3.0, Relaxed: 2.0] [Valence: 6.0, Arousal: 8.0
Task(5f7t_Relax) B(NoStressed[0]) T(Stressed[1]) Q(Amused[3]) - [Stressed: 1.0, Relaxed: 9.0] [Valence: 6.0, Arousal: 5.0
Task(5f7t_Speaking) B(NoStressed[0]) T(Stressed[1]) Q(Stressed[1]) - [Stressed: 4.0, Relaxed: 3.0] [Valence: 4.0, Arousal: 7.0
Task(5f7t_Stroop) B(Stressed[1]) T(Stressed[1]) Q(Stressed[1]) - [Stressed: 5.0, Relaxed: 2.0] [Valence: 6.0, Arousal: 9.0
Task(5f7t_Video1) B(NoStressed[0]) T(Stressed[1]) Q(Amused[3]) - [Stressed: 2.0, Relaxed: 6.0] [Valence: 6.0, Arousal: 6.0
Task(5f7t_Video2) B(NoStressed[0]) T(Stressed[1]) Q(Amused[3]) - [Stressed: 2.0, Relaxed: 5.0] [Valence: 6.0, Arousal: 6.0
Task(k2v7_Breathing) B(Stressed[1]) T(Stressed[1]) Q(Stressed[1]) - [Stressed: 5.0, Relaxed: 7.0] [Valence: 6.0, Arousal: 7.0
Task(k2v7_Counting1) B(Stressed[1]) T(RealStress[2]) Q(RealStress[2]) - [Stressed: 6.0, Relaxed: 7.0] [Valence: 5.0, Arousal: 8.0
Task(k2v7_Counting2) B(Stressed[1]) T(Stressed[1]) Q(Stressed[1]) - [Stressed: 6.0, Relaxed: 7.0] [Valence: 6.0, Arousal: 7.0
Task(k2v7_Counting3) B(Stressed[1]) T(Stressed[1]) Q(Stressed[1]) - [Stressed: 7.0, Relaxed: 6.0] [Valence: 6.0, Arousal: 7.0
Task(k2v7_Math) B(Stressed[1]) T(RealStress[2]) Q(RealStress[2]) - [Stressed: 8.0, Relaxed: 6.0] [Valence: 5.0, Arousal: 8.0
Task(k2v7_Reading) B(Stressed[1]) T(RealStress[2]) Q(RealStress[2]) - [Stressed: 6.0, Relaxed: 6.0] [Valence: 5.0, Arousal: 7.0
Task(k2v7_Relax) B(NoStressed[0]) T(Stressed[1]) Q(Amused[3]) - [Stressed: 4.0, Relaxed: 8.0] [Valence: 7.0, Arousal: 7.0
Task(k2v7_Speaking) B(Stressed[1]) T(Stressed[1]) Q(Stressed[1]) - [Stressed: 6.0, Relaxed: 7.0] [Valence: 7.0, Arousal: 7.0
Task(k2v7_Stroop) B(Stressed[1]) T(Stressed[1]) Q(Stressed[1]) - [Stressed: 7.0, Relaxed: 6.0] [Valence: 7.0, Arousal: 7.0
Task(k2v7_Video1) B(NoStressed[0]) T(Stressed[1]) Q(Amused[3]) - [Stressed: 4.0, Relaxed: 8.0] [Valence: 9.0, Arousal: 7.0
Task(k2v7_Video2) B(Stressed[1]) T(RealStress[2]) Q(RealStress[2]) - [Stressed: 5.0, Relaxed: 7.0] [Valence: 3.0, Arousal: 6.0
Task(6g6y_Breathing) B(NoStressed[0]) T(Relaxed[0]) Q(Relaxed[0]) - [Stressed: 2.0, Relaxed: 8.0] [Valence: 7.0, Arousal: 3.0
Task(6g6y_Counting1) B(Stressed[1]) T(Stressed[1]) Q(Stressed[1]) - [Stressed: 5.0, Relaxed: 6.0] [Valence: 5.0, Arousal: 4.0
Task(6g6y_Counting2) B(Stressed[1]) T(RealStress[2]) Q(RealStress[2]) - [Stressed: 7.0, Relaxed: 3.0] [Valence: 3.0, Arousal: 7.0
Task(6g6y_Counting3) B(Stressed[1]) T(RealStress[2]) Q(RealStress[2]) - [Stressed: 6.0, Relaxed: 4.0] [Valence: 5.0, Arousal: 5.0
Task(6g6y_Math) B(Stressed[1]) T(RealStress[2]) Q(RealStress[2]) - [Stressed: 8.0, Relaxed: 3.0] [Valence: 4.0, Arousal: 7.0
Task(6g6y_Reading) B(Stressed[1]) T(RealStress[2]) Q(RealStress[2]) - [Stressed: 6.0, Relaxed: 4.0] [Valence: 5.0, Arousal: 6.0
Task(6g6y_Relax) B(NoStressed[0]) T(Relaxed[0]) Q(Relaxed[0]) - [Stressed: 1.0, Relaxed: 7.0] [Valence: 7.0, Arousal: 1.0
Task(6g6y_Speaking) B(Stressed[1]) T(RealStress[2]) Q(RealStress[2]) - [Stressed: 7.0, Relaxed: 4.0] [Valence: 3.0, Arousal: 6.0
Task(6g6y_Stroop) B(Stressed[1]) T(RealStress[2]) Q(RealStress[2]) - [Stressed: 6.0, Relaxed: 2.0] [Valence: 5.0, Arousal: 8.0
Task(6g6y_Video1) B(Stressed[1]) T(RealStress[2]) Q(RealStress[2]) - [Stressed: 8.0, Relaxed: 2.0] [Valence: 5.0, Arousal: 8.0
Task(6g6y_Video2) B(Stressed[1]) T(RealStress[2]) Q(RealStress[2]) - [Stressed: 5.0, Relaxed: 5.0] [Valence: 4.0, Arousal: 6.0
Task(9j3o_Breathing) B(NoStressed[0]) T(Relaxed[0]) Q(Relaxed[0]) - [Stressed: 2.0, Relaxed: 6.0] [Valence: 7.0, Arousal: 1.0
Task(9j3o_Counting1) B(Stressed[1]) T(Stressed[1]) Q(Stressed[1]) - [Stressed: 6.0, Relaxed: 4.0] [Valence: 4.0, Arousal: 3.0
Task(9j3o_Counting2) B(Stressed[1]) T(Stressed[1]) Q(Stressed[1]) - [Stressed: 7.0, Relaxed: 4.0] [Valence: 4.0, Arousal: 4.0
Task(9j3o_Counting3) B(Stressed[1]) T(Stressed[1]) Q(Stressed[1]) - [Stressed: 6.0, Relaxed: 2.0] [Valence: 4.0, Arousal: 3.0
Task(9j3o_Math) B(Stressed[1]) T(Stressed[1]) Q(Stressed[1]) - [Stressed: 6.0, Relaxed: 3.0] [Valence: 4.0, Arousal: 2.0
Task(9j3o_Reading) B(Stressed[1]) T(Stressed[1]) Q(Stressed[1]) - [Stressed: 7.0, Relaxed: 3.0] [Valence: 3.0, Arousal: 4.0
Task(9j3o_Relax) B(NoStressed[0]) T(Relaxed[0]) Q(Relaxed[0]) - [Stressed: 2.0, Relaxed: 8.0] [Valence: 7.0, Arousal: 2.0
Task(9j3o_Speaking) B(Stressed[1]) T(Stressed[1]) Q(Stressed[1]) - [Stressed: 7.0, Relaxed: 3.0] [Valence: 6.0, Arousal: 2.0
Task(9j3o_Stroop) B(Stressed[1]) T(Stressed[1]) Q(Stressed[1]) - [Stressed: 7.0, Relaxed: 5.0] [Valence: 4.0, Arousal: 4.0
Task(9j3o_Video1) B(NoStressed[0]) T(Relaxed[0]) Q(Relaxed[0]) - [Stressed: 2.0, Relaxed: 8.0] [Valence: 9.0, Arousal: 3.0
Task(9j3o_Video2) B(NoStressed[0]) T(Relaxed[0]) Q(Relaxed[0]) - [Stressed: 3.0, Relaxed: 7.0] [Valence: 6.0, Arousal: 3.0
Task(8i4i_Breathing) B(NoStressed[0]) T(Stressed[1]) Q(Amused[3]) - [Stressed: 0.0, Relaxed: 10.0] [Valence: 9.0, Arousal: 7.0
Task(8i4i_Counting1) B(NoStressed[0]) T(Stressed[1]) Q(Amused[3]) - [Stressed: 0.0, Relaxed: 9.0] [Valence: 9.0, Arousal: 7.0
Task(8i4i_Counting2) B(NoStressed[0]) T(Stressed[1]) Q(Amused[3]) - [Stressed: 1.0, Relaxed: 9.0] [Valence: 9.0, Arousal: 7.0
Task(8i4i_Counting3) B(NoStressed[0]) T(Stressed[1]) Q(Amused[3]) - [Stressed: 1.0, Relaxed: 9.0] [Valence: 8.0, Arousal: 8.0
Task(8i4i_Math) B(NoStressed[0]) T(Stressed[1]) Q(Amused[3]) - [Stressed: 0.0, Relaxed: 9.0] [Valence: 9.0, Arousal: 8.0
Task(8i4i_Reading) B(NoStressed[0]) T(Stressed[1]) Q(Amused[3]) - [Stressed: 0.0, Relaxed: 9.0] [Valence: 9.0, Arousal: 8.0
Task(8i4i_Relax) B(NoStressed[0]) T(Stressed[1]) Q(Amused[3]) - [Stressed: 0.0, Relaxed: 10.0] [Valence: 10.0, Arousal: 9.0
Task(8i4i_Speaking) B(NoStressed[0]) T(Stressed[1]) Q(Amused[3]) - [Stressed: 0.0, Relaxed: 9.0] [Valence: 8.0, Arousal: 8.0
Task(8i4i_Stroop) B(NoStressed[0]) T(Stressed[1]) Q(Amused[3]) - [Stressed: 1.0, Relaxed: 9.0] [Valence: 9.0, Arousal: 7.0
Task(8i4i_Video1) B(NoStressed[0]) T(Stressed[1]) Q(Amused[3]) - [Stressed: 0.0, Relaxed: 10.0] [Valence: 7.0, Arousal: 7.0
Task(8i4i_Video2) B(NoStressed[0]) T(Stressed[1]) Q(Amused[3]) - [Stressed: 0.0, Relaxed: 10.0] [Valence: 8.0, Arousal: 7.0
Task(7h5u_Breathing) B(NoStressed[0]) T(Relaxed[0]) Q(Relaxed[0]) - [Stressed: 2.0, Relaxed: 8.0] [Valence: 6.0, Arousal: 2.0
Task(7h5u_Counting1) B(NoStressed[0]) T(Stressed[1]) Q(Amused[3]) - [Stressed: 4.0, Relaxed: 5.0] [Valence: 6.0, Arousal: 8.0
Task(7h5u_Counting2) B(Stressed[1]) T(Stressed[1]) Q(Stressed[1]) - [Stressed: 5.0, Relaxed: 4.0] [Valence: 6.0, Arousal: 6.0
Task(7h5u_Counting3) B(Stressed[1]) T(Stressed[1]) Q(Stressed[1]) - [Stressed: 6.0, Relaxed: 4.0] [Valence: 7.0, Arousal: 7.0
Task(7h5u_Math) B(NoStressed[0]) T(Stressed[1]) Q(Amused[3]) - [Stressed: 4.0, Relaxed: 3.0] [Valence: 6.0, Arousal: 8.0
Task(7h5u_Reading) B(Stressed[1]) T(Stressed[1]) Q(Stressed[1]) - [Stressed: 6.0, Relaxed: 4.0] [Valence: 6.0, Arousal: 6.0
Task(7h5u_Relax) B(NoStressed[0]) T(Stressed[1]) Q(Amused[3]) - [Stressed: 1.0, Relaxed: 8.0] [Valence: 7.0, Arousal: 8.0
Task(7h5u_Speaking) B(Stressed[1]) T(Stressed[1]) Q(Stressed[1]) - [Stressed: 6.0, Relaxed: 4.0] [Valence: 7.0, Arousal: 7.0
Task(7h5u_Stroop) B(Stressed[1]) T(RealStress[2]) Q(RealStress[2]) - [Stressed: 6.0, Relaxed: 2.0] [Valence: 4.0, Arousal: 8.0
Task(7h5u_Video1) B(NoStressed[0]) T(Stressed[1]) Q(Amused[3]) - [Stressed: 0.0, Relaxed: 9.0] [Valence: 7.0, Arousal: 8.0
Task(7h5u_Video2) B(NoStressed[0]) T(Stressed[1]) Q(Amused[3]) - [Stressed: 2.0, Relaxed: 3.0] [Valence: 5.0, Arousal: 7.0
Task(h8s1_Breathing) B(NoStressed[0]) T(Stressed[1]) Q(Amused[3]) - [Stressed: 3.0, Relaxed: 8.0] [Valence: 6.0, Arousal: 7.0
Task(h8s1_Counting1) B(Stressed[1]) T(RealStress[2]) Q(RealStress[2]) - [Stressed: 8.0, Relaxed: 2.0] [Valence: 3.0, Arousal: 7.0
Task(h8s1_Counting2) B(Stressed[1]) T(RealStress[2]) Q(RealStress[2]) - [Stressed: 8.0, Relaxed: 2.0] [Valence: 3.0, Arousal: 7.0
Task(h8s1_Counting3) B(Stressed[1]) T(RealStress[2]) Q(RealStress[2]) - [Stressed: 7.0, Relaxed: 3.0] [Valence: 3.0, Arousal: 5.0
Task(h8s1_Math) B(Stressed[1]) T(Stressed[1]) Q(Stressed[1]) - [Stressed: 7.0, Relaxed: 4.0] [Valence: 5.0, Arousal: 4.0
Task(h8s1_Reading) B(Stressed[1]) T(RealStress[2]) Q(RealStress[2]) - [Stressed: 8.0, Relaxed: 2.0] [Valence: 3.0, Arousal: 7.0
Task(h8s1_Relax) B(NoStressed[0]) T(Relaxed[0]) Q(Relaxed[0]) - [Stressed: 3.0, Relaxed: 8.0] [Valence: 7.0, Arousal: 2.0
Task(h8s1_Speaking) B(Stressed[1]) T(RealStress[2]) Q(RealStress[2]) - [Stressed: 8.0, Relaxed: 3.0] [Valence: 3.0, Arousal: 7.0
Task(h8s1_Stroop) B(Stressed[1]) T(RealStress[2]) Q(RealStress[2]) - [Stressed: 9.0, Relaxed: 2.0] [Valence: 3.0, Arousal: 8.0
Task(h8s1_Video1) B(NoStressed[0]) T(Relaxed[0]) Q(Relaxed[0]) - [Stressed: 2.0, Relaxed: 6.0] [Valence: 7.0, Arousal: 4.0
Task(h8s1_Video2) B(NoStressed[0]) T(Stressed[1]) Q(Amused[3]) - [Stressed: 4.0, Relaxed: 5.0] [Valence: 5.0, Arousal: 5.0
Task(i9t9_Breathing) B(Stressed[1]) T(RealStress[2]) Q(RealStress[2]) - [Stressed: 6.0, Relaxed: 4.0] [Valence: 5.0, Arousal: 7.0
Task(i9t9_Counting1) B(Stressed[1]) T(RealStress[2]) Q(RealStress[2]) - [Stressed: 5.0, Relaxed: 5.0] [Valence: 5.0, Arousal: 7.0
Task(i9t9_Counting2) B(Stressed[1]) T(RealStress[2]) Q(RealStress[2]) - [Stressed: 6.0, Relaxed: 4.0] [Valence: 5.0, Arousal: 7.0
Task(i9t9_Counting3) B(Stressed[1]) T(RealStress[2]) Q(RealStress[2]) - [Stressed: 6.0, Relaxed: 4.0] [Valence: 5.0, Arousal: 7.0
Task(i9t9_Math) B(Stressed[1]) T(RealStress[2]) Q(RealStress[2]) - [Stressed: 6.0, Relaxed: 4.0] [Valence: 5.0, Arousal: 7.0
Task(i9t9_Reading) B(Stressed[1]) T(RealStress[2]) Q(RealStress[2]) - [Stressed: 6.0, Relaxed: 4.0] [Valence: 5.0, Arousal: 7.0
Task(i9t9_Relax) B(Stressed[1]) T(RealStress[2]) Q(RealStress[2]) - [Stressed: 5.0, Relaxed: 5.0] [Valence: 5.0, Arousal: 7.0
Task(i9t9_Speaking) B(Stressed[1]) T(RealStress[2]) Q(RealStress[2]) - [Stressed: 6.0, Relaxed: 4.0] [Valence: 5.0, Arousal: 7.0
Task(i9t9_Stroop) B(Stressed[1]) T(RealStress[2]) Q(RealStress[2]) - [Stressed: 6.0, Relaxed: 4.0] [Valence: 5.0, Arousal: 7.0
Task(i9t9_Video1) B(Stressed[1]) T(RealStress[2]) Q(RealStress[2]) - [Stressed: 5.0, Relaxed: 5.0] [Valence: 5.0, Arousal: 7.0
Task(i9t9_Video2) B(Stressed[1]) T(RealStress[2]) Q(RealStress[2]) - [Stressed: 5.0, Relaxed: 5.0] [Valence: 5.0, Arousal: 7.0
Task(j1u8_Breathing) B(NoStressed[0]) T(Stressed[1]) Q(Amused[3]) - [Stressed: 3.0, Relaxed: 7.0] [Valence: 9.0, Arousal: 10.0
Task(j1u8_Counting1) B(NoStressed[0]) T(Stressed[1]) Q(Amused[3]) - [Stressed: 2.0, Relaxed: 10.0] [Valence: 10.0, Arousal: 10.0
Task(j1u8_Counting2) B(NoStressed[0]) T(Stressed[1]) Q(Amused[3]) - [Stressed: 4.0, Relaxed: 7.0] [Valence: 10.0, Arousal: 10.0
Task(j1u8_Counting3) B(NoStressed[0]) T(Stressed[1]) Q(Amused[3]) - [Stressed: 2.0, Relaxed: 9.0] [Valence: 10.0, Arousal: 10.0
Task(j1u8_Math) B(NoStressed[0]) T(Stressed[1]) Q(Amused[3]) - [Stressed: 2.0, Relaxed: 9.0] [Valence: 10.0, Arousal: 10.0
Task(j1u8_Reading) B(NoStressed[0]) T(Stressed[1]) Q(Amused[3]) - [Stressed: 2.0, Relaxed: 9.0] [Valence: 10.0, Arousal: 10.0
Task(j1u8_Relax) B(NoStressed[0]) T(Stressed[1]) Q(Amused[3]) - [Stressed: 3.0, Relaxed: 8.0] [Valence: 10.0, Arousal: 10.0
Task(j1u8_Speaking) B(NoStressed[0]) T(Stressed[1]) Q(Amused[3]) - [Stressed: 2.0, Relaxed: 9.0] [Valence: 10.0, Arousal: 10.0
Task(j1u8_Stroop) B(NoStressed[0]) T(Stressed[1]) Q(Amused[3]) - [Stressed: 2.0, Relaxed: 9.0] [Valence: 10.0, Arousal: 10.0
Task(j1u8_Video1) B(NoStressed[0]) T(Stressed[1]) Q(Amused[3]) - [Stressed: 3.0, Relaxed: 7.0] [Valence: 10.0, Arousal: 10.0
Task(j1u8_Video2) B(NoStressed[0]) T(Stressed[1]) Q(Amused[3]) - [Stressed: 3.0, Relaxed: 7.0] [Valence: 10.0, Arousal: 10.0
Task(m8g5_Breathing) B(NoStressed[0]) T(Stressed[1]) Q(Amused[3]) - [Stressed: 1.0, Relaxed: 9.0] [Valence: 9.0, Arousal: 8.0
Task(m8g5_Counting1) B(Stressed[1]) T(Stressed[1]) Q(Stressed[1]) - [Stressed: 6.0, Relaxed: 4.0] [Valence: 6.0, Arousal: 6.0
Task(m8g5_Counting2) B(Stressed[1]) T(RealStress[2]) Q(RealStress[2]) - [Stressed: 8.0, Relaxed: 1.0] [Valence: 3.0, Arousal: 6.0
Task(m8g5_Counting3) B(Stressed[1]) T(RealStress[2]) Q(RealStress[2]) - [Stressed: 5.0, Relaxed: 4.0] [Valence: 5.0, Arousal: 6.0
Task(m8g5_Math) B(NoStressed[0]) T(Stressed[1]) Q(Amused[3]) - [Stressed: 2.0, Relaxed: 7.0] [Valence: 6.0, Arousal: 7.0
Task(m8g5_Reading) B(Stressed[1]) T(Stressed[1]) Q(Stressed[1]) - [Stressed: 7.0, Relaxed: 2.0] [Valence: 6.0, Arousal: 5.0
Task(m8g5_Relax) B(NoStressed[0]) T(Stressed[1]) Q(Amused[3]) - [Stressed: 3.0, Relaxed: 8.0] [Valence: 7.0, Arousal: 9.0
Task(m8g5_Speaking) B(NoStressed[0]) T(Stressed[1]) Q(Amused[3]) - [Stressed: 4.0, Relaxed: 6.0] [Valence: 5.0, Arousal: 6.0
Task(m8g5_Stroop) B(Stressed[1]) T(RealStress[2]) Q(RealStress[2]) - [Stressed: 7.0, Relaxed: 3.0] [Valence: 5.0, Arousal: 6.0
Task(m8g5_Video1) B(NoStressed[0]) T(Stressed[1]) Q(Amused[3]) - [Stressed: 0.0, Relaxed: 10.0] [Valence: 10.0, Arousal: 9.0
Task(m8g5_Video2) B(NoStressed[0]) T(Stressed[1]) Q(Amused[3]) - [Stressed: 4.0, Relaxed: 5.0] [Valence: 6.0, Arousal: 8.0
Task(p9i3_Breathing) B(NoStressed[0]) T(Stressed[1]) Q(Amused[3]) - [Stressed: 3.0, Relaxed: 7.0] [Valence: 5.0, Arousal: 7.0
Task(p9i3_Counting1) B(Stressed[1]) T(RealStress[2]) Q(RealStress[2]) - [Stressed: 7.0, Relaxed: 4.0] [Valence: 4.0, Arousal: 9.0
Task(p9i3_Counting2) B(NoStressed[0]) T(Stressed[1]) Q(Amused[3]) - [Stressed: 4.0, Relaxed: 4.0] [Valence: 5.0, Arousal: 7.0
Task(p9i3_Counting3) B(Stressed[1]) T(Stressed[1]) Q(Stressed[1]) - [Stressed: 6.0, Relaxed: 4.0] [Valence: 6.0, Arousal: 8.0
Task(p9i3_Math) B(Stressed[1]) T(Stressed[1]) Q(Stressed[1]) - [Stressed: 5.0, Relaxed: 4.0] [Valence: 6.0, Arousal: 8.0
Task(p9i3_Reading) B(NoStressed[0]) T(Stressed[1]) Q(Amused[3]) - [Stressed: 2.0, Relaxed: 7.0] [Valence: 8.0, Arousal: 8.0
Task(p9i3_Relax) B(NoStressed[0]) T(Stressed[1]) Q(Amused[3]) - [Stressed: 1.0, Relaxed: 9.0] [Valence: 8.0, Arousal: 9.0
Task(p9i3_Speaking) B(Stressed[1]) T(RealStress[2]) Q(RealStress[2]) - [Stressed: 5.0, Relaxed: 3.0] [Valence: 5.0, Arousal: 7.0
Task(p9i3_Stroop) B(Stressed[1]) T(Stressed[1]) Q(Stressed[1]) - [Stressed: 5.0, Relaxed: 4.0] [Valence: 6.0, Arousal: 7.0
Task(p9i3_Video1) B(NoStressed[0]) T(Stressed[1]) Q(Amused[3]) - [Stressed: 1.0, Relaxed: 7.0] [Valence: 8.0, Arousal: 8.0
Task(p9i3_Video2) B(Stressed[1]) T(RealStress[2]) Q(RealStress[2]) - [Stressed: 8.0, Relaxed: 3.0] [Valence: 2.0, Arousal: 8.0
Task(g9j5_Breathing) B(Stressed[1]) T(Stressed[1]) Q(Stressed[1]) - [Stressed: 7.0, Relaxed: 6.0] [Valence: 5.0, Arousal: 3.0
Task(g9j5_Counting1) B(Stressed[1]) T(Stressed[1]) Q(Stressed[1]) - [Stressed: 6.0, Relaxed: 6.0] [Valence: 5.0, Arousal: 2.0
Task(g9j5_Counting2) B(Stressed[1]) T(Stressed[1]) Q(Stressed[1]) - [Stressed: 6.0, Relaxed: 5.0] [Valence: 5.0, Arousal: 2.0
Task(g9j5_Counting3) B(NoStressed[0]) T(Relaxed[0]) Q(Relaxed[0]) - [Stressed: 4.0, Relaxed: 6.0] [Valence: 6.0, Arousal: 4.0
Task(g9j5_Math) B(Stressed[1]) T(Relaxed[0]) Q(Relaxed[0]) - [Stressed: 6.0, Relaxed: 6.0] [Valence: 6.0, Arousal: 3.0
Task(g9j5_Reading) B(Stressed[1]) T(Relaxed[0]) Q(Relaxed[0]) - [Stressed: 5.0, Relaxed: 7.0] [Valence: 6.0, Arousal: 4.0
Task(g9j5_Relax) B(NoStressed[0]) T(Relaxed[0]) Q(Relaxed[0]) - [Stressed: 4.0, Relaxed: 7.0] [Valence: 6.0, Arousal: 3.0
Task(g9j5_Speaking) B(Stressed[1]) T(Relaxed[0]) Q(Relaxed[0]) - [Stressed: 5.0, Relaxed: 7.0] [Valence: 6.0, Arousal: 3.0
Task(g9j5_Stroop) B(Stressed[1]) T(Relaxed[0]) Q(Relaxed[0]) - [Stressed: 6.0, Relaxed: 6.0] [Valence: 6.0, Arousal: 3.0
Task(g9j5_Video1) B(Stressed[1]) T(Relaxed[0]) Q(Relaxed[0]) - [Stressed: 7.0, Relaxed: 6.0] [Valence: 6.0, Arousal: 2.0
Task(g9j5_Video2) B(Stressed[1]) T(Relaxed[0]) Q(Relaxed[0]) - [Stressed: 6.0, Relaxed: 6.0] [Valence: 6.0, Arousal: 2.0
Task(h7j3_Breathing) B(NoStressed[0]) T(Stressed[1]) Q(Amused[3]) - [Stressed: 2.0, Relaxed: 7.0] [Valence: 5.0, Arousal: 6.0
Task(h7j3_Counting1) B(NoStressed[0]) T(Stressed[1]) Q(Amused[3]) - [Stressed: 2.0, Relaxed: 7.0] [Valence: 5.0, Arousal: 7.0
Task(h7j3_Counting2) B(NoStressed[0]) T(Stressed[1]) Q(Amused[3]) - [Stressed: 1.0, Relaxed: 8.0] [Valence: 6.0, Arousal: 8.0
Task(h7j3_Counting3) B(NoStressed[0]) T(Stressed[1]) Q(Amused[3]) - [Stressed: 2.0, Relaxed: 8.0] [Valence: 7.0, Arousal: 8.0
Task(h7j3_Math) B(NoStressed[0]) T(Stressed[1]) Q(Amused[3]) - [Stressed: 2.0, Relaxed: 8.0] [Valence: 7.0, Arousal: 8.0
Task(h7j3_Reading) B(NoStressed[0]) T(Stressed[1]) Q(Amused[3]) - [Stressed: 2.0, Relaxed: 8.0] [Valence: 7.0, Arousal: 8.0
Task(h7j3_Relax) B(NoStressed[0]) T(Stressed[1]) Q(Amused[3]) - [Stressed: 2.0, Relaxed: 9.0] [Valence: 7.0, Arousal: 7.0
Task(h7j3_Speaking) B(NoStressed[0]) T(Stressed[1]) Q(Amused[3]) - [Stressed: 3.0, Relaxed: 6.0] [Valence: 6.0, Arousal: 7.0
Task(h7j3_Stroop) B(NoStressed[0]) T(Stressed[1]) Q(Amused[3]) - [Stressed: 2.0, Relaxed: 6.0] [Valence: 7.0, Arousal: 7.0
Task(h7j3_Video1) B(NoStressed[0]) T(Stressed[1]) Q(Amused[3]) - [Stressed: 1.0, Relaxed: 9.0] [Valence: 8.0, Arousal: 8.0
Task(h7j3_Video2) B(NoStressed[0]) T(Stressed[1]) Q(Amused[3]) - [Stressed: 1.0, Relaxed: 8.0] [Valence: 7.0, Arousal: 8.0
Task(y8c3_Breathing) B(NoStressed[0]) T(Stressed[1]) Q(Amused[3]) - [Stressed: 1.0, Relaxed: 9.0] [Valence: 5.0, Arousal: 7.0
Task(y8c3_Counting1) B(NoStressed[0]) T(Stressed[1]) Q(Amused[3]) - [Stressed: 0.0, Relaxed: 8.0] [Valence: 6.0, Arousal: 6.0
Task(y8c3_Counting2) B(NoStressed[0]) T(Stressed[1]) Q(Amused[3]) - [Stressed: 3.0, Relaxed: 6.0] [Valence: 5.0, Arousal: 6.0
Task(y8c3_Counting3) B(NoStressed[0]) T(Stressed[1]) Q(Amused[3]) - [Stressed: 2.0, Relaxed: 7.0] [Valence: 6.0, Arousal: 5.0
Task(y8c3_Math) B(NoStressed[0]) T(Stressed[1]) Q(Amused[3]) - [Stressed: 3.0, Relaxed: 7.0] [Valence: 6.0, Arousal: 5.0
Task(y8c3_Reading) B(NoStressed[0]) T(Stressed[1]) Q(Amused[3]) - [Stressed: 2.0, Relaxed: 8.0] [Valence: 6.0, Arousal: 5.0
Task(y8c3_Relax) B(NoStressed[0]) T(Relaxed[0]) Q(Relaxed[0]) - [Stressed: 0.0, Relaxed: 9.0] [Valence: 6.0, Arousal: 4.0
Task(y8c3_Speaking) B(NoStressed[0]) T(Stressed[1]) Q(Amused[3]) - [Stressed: 1.0, Relaxed: 7.0] [Valence: 5.0, Arousal: 6.0
Task(y8c3_Stroop) B(NoStressed[0]) T(Stressed[1]) Q(Amused[3]) - [Stressed: 1.0, Relaxed: 8.0] [Valence: 6.0, Arousal: 5.0
Task(y8c3_Video1) B(NoStressed[0]) T(Stressed[1]) Q(Amused[3]) - [Stressed: 0.0, Relaxed: 8.0] [Valence: 6.0, Arousal: 7.0
Task(y8c3_Video2) B(NoStressed[0]) T(Stressed[1]) Q(Amused[3]) - [Stressed: 0.0, Relaxed: 8.0] [Valence: 6.0, Arousal: 7.0
Task(g7r2_Breathing) B(NoStressed[0]) T(Stressed[1]) Q(Amused[3]) - [Stressed: 0.0, Relaxed: 8.0] [Valence: 7.0, Arousal: 5.0
Task(g7r2_Counting1) B(Stressed[1]) T(Stressed[1]) Q(Stressed[1]) - [Stressed: 5.0, Relaxed: 3.0] [Valence: 6.0, Arousal: 8.0
Task(g7r2_Counting2) B(Stressed[1]) T(RealStress[2]) Q(RealStress[2]) - [Stressed: 5.0, Relaxed: 1.0] [Valence: 5.0, Arousal: 9.0
Task(g7r2_Counting3) B(NoStressed[0]) T(Stressed[1]) Q(Stressed[1]) - [Stressed: 3.0, Relaxed: 2.0] [Valence: 4.0, Arousal: 4.0
Task(g7r2_Math) B(NoStressed[0]) T(Stressed[1]) Q(Amused[3]) - [Stressed: 1.0, Relaxed: 6.0] [Valence: 5.0, Arousal: 5.0
Task(g7r2_Reading) B(NoStressed[0]) T(Stressed[1]) Q(Stressed[1]) - [Stressed: 0.0, Relaxed: 7.0] [Valence: 5.0, Arousal: 3.0
Task(g7r2_Relax) B(NoStressed[0]) T(Stressed[1]) Q(Stressed[1]) - [Stressed: 0.0, Relaxed: 8.0] [Valence: 5.0, Arousal: 2.0
Task(g7r2_Speaking) B(NoStressed[0]) T(Stressed[1]) Q(Amused[3]) - [Stressed: 3.0, Relaxed: 4.0] [Valence: 5.0, Arousal: 7.0
Task(g7r2_Stroop) B(Stressed[1]) T(RealStress[2]) Q(RealStress[2]) - [Stressed: 7.0, Relaxed: 0.0] [Valence: 3.0, Arousal: 6.0
Task(g7r2_Video1) B(NoStressed[0]) T(Stressed[1]) Q(Amused[3]) - [Stressed: 0.0, Relaxed: 8.0] [Valence: 8.0, Arousal: 6.0
Task(g7r2_Video2) B(NoStressed[0]) T(Stressed[1]) Q(Amused[3]) - [Stressed: 1.0, Relaxed: 7.0] [Valence: 5.0, Arousal: 6.0
Task(f6q3_Breathing) B(NoStressed[0]) T(Relaxed[0]) Q(Relaxed[0]) - [Stressed: 1.0, Relaxed: 9.0] [Valence: 7.0, Arousal: 1.0
Task(f6q3_Counting1) B(NoStressed[0]) T(Stressed[1]) Q(Stressed[1]) - [Stressed: 1.0, Relaxed: 10.0] [Valence: 5.0, Arousal: 1.0
Task(f6q3_Counting2) B(NoStressed[0]) T(Stressed[1]) Q(Stressed[1]) - [Stressed: 1.0, Relaxed: 9.0] [Valence: 5.0, Arousal: 1.0
Task(f6q3_Counting3) B(NoStressed[0]) T(Stressed[1]) Q(Stressed[1]) - [Stressed: 3.0, Relaxed: 8.0] [Valence: 5.0, Arousal: 3.0
Task(f6q3_Math) B(NoStressed[0]) T(Stressed[1]) Q(Stressed[1]) - [Stressed: 3.0, Relaxed: 5.0] [Valence: 5.0, Arousal: 3.0
Task(f6q3_Reading) B(NoStressed[0]) T(Stressed[1]) Q(Stressed[1]) - [Stressed: 3.0, Relaxed: 8.0] [Valence: 4.0, Arousal: 3.0
Task(f6q3_Relax) B(NoStressed[0]) T(Relaxed[0]) Q(Relaxed[0]) - [Stressed: 1.0, Relaxed: 9.0] [Valence: 8.0, Arousal: 1.0
Task(f6q3_Speaking) B(NoStressed[0]) T(Stressed[1]) Q(Stressed[1]) - [Stressed: 1.0, Relaxed: 8.0] [Valence: 5.0, Arousal: 2.0
Task(f6q3_Stroop) B(NoStressed[0]) T(Stressed[1]) Q(Stressed[1]) - [Stressed: 2.0, Relaxed: 6.0] [Valence: 5.0, Arousal: 3.0
Task(f6q3_Video1) B(NoStressed[0]) T(Relaxed[0]) Q(Relaxed[0]) - [Stressed: 0.0, Relaxed: 9.0] [Valence: 8.0, Arousal: 1.0
Task(f6q3_Video2) B(NoStressed[0]) T(Relaxed[0]) Q(Relaxed[0]) - [Stressed: 0.0, Relaxed: 9.0] [Valence: 8.0, Arousal: 1.0
Task(e5p4_Breathing) B(NoStressed[0]) T(Relaxed[0]) Q(Relaxed[0]) - [Stressed: 3.0, Relaxed: 10.0] [Valence: 8.0, Arousal: 3.0
Task(e5p4_Counting1) B(NoStressed[0]) T(Stressed[1]) Q(Amused[3]) - [Stressed: 2.0, Relaxed: 8.0] [Valence: 8.0, Arousal: 5.0
Task(e5p4_Counting2) B(NoStressed[0]) T(Stressed[1]) Q(Amused[3]) - [Stressed: 2.0, Relaxed: 9.0] [Valence: 9.0, Arousal: 5.0
Task(e5p4_Counting3) B(NoStressed[0]) T(Stressed[1]) Q(Amused[3]) - [Stressed: 2.0, Relaxed: 7.0] [Valence: 8.0, Arousal: 5.0
Task(e5p4_Math) B(NoStressed[0]) T(Stressed[1]) Q(Amused[3]) - [Stressed: 2.0, Relaxed: 7.0] [Valence: 7.0, Arousal: 5.0
Task(e5p4_Reading) B(NoStressed[0]) T(Relaxed[0]) Q(Relaxed[0]) - [Stressed: 2.0, Relaxed: 8.0] [Valence: 8.0, Arousal: 4.0
Task(e5p4_Relax) B(NoStressed[0]) T(Relaxed[0]) Q(Relaxed[0]) - [Stressed: 2.0, Relaxed: 8.0] [Valence: 7.0, Arousal: 3.0
Task(e5p4_Speaking) B(NoStressed[0]) T(Relaxed[0]) Q(Relaxed[0]) - [Stressed: 2.0, Relaxed: 7.0] [Valence: 8.0, Arousal: 4.0
Task(e5p4_Stroop) B(NoStressed[0]) T(Relaxed[0]) Q(Relaxed[0]) - [Stressed: 2.0, Relaxed: 9.0] [Valence: 8.0, Arousal: 4.0
Task(e5p4_Video1) B(NoStressed[0]) T(Relaxed[0]) Q(Relaxed[0]) - [Stressed: 3.0, Relaxed: 8.0] [Valence: 9.0, Arousal: 3.0
Task(e5p4_Video2) B(NoStressed[0]) T(Relaxed[0]) Q(Relaxed[0]) - [Stressed: 3.0, Relaxed: 9.0] [Valence: 8.0, Arousal: 4.0
Task(d4n6_Breathing) B(NoStressed[0]) T(Stressed[1]) Q(Amused[3]) - [Stressed: 2.0, Relaxed: 5.0] [Valence: 5.0, Arousal: 4.0
Task(d4n6_Counting1) B(Stressed[1]) T(RealStress[2]) Q(RealStress[2]) - [Stressed: 8.0, Relaxed: 1.0] [Valence: 5.0, Arousal: 8.0
Task(d4n6_Counting2) B(Stressed[1]) T(RealStress[2]) Q(RealStress[2]) - [Stressed: 5.0, Relaxed: 7.0] [Valence: 5.0, Arousal: 6.0
Task(d4n6_Counting3) B(Stressed[1]) T(RealStress[2]) Q(RealStress[2]) - [Stressed: 5.0, Relaxed: 4.0] [Valence: 5.0, Arousal: 6.0
Task(d4n6_Math) B(Stressed[1]) T(RealStress[2]) Q(RealStress[2]) - [Stressed: 8.0, Relaxed: 3.0] [Valence: 5.0, Arousal: 6.0
Task(d4n6_Reading) B(Stressed[1]) T(Stressed[1]) Q(Stressed[1]) - [Stressed: 6.0, Relaxed: 4.0] [Valence: 5.0, Arousal: 4.0
Task(d4n6_Relax) B(NoStressed[0]) T(Stressed[1]) Q(Stressed[1]) - [Stressed: 3.0, Relaxed: 5.0] [Valence: 5.0, Arousal: 3.0
Task(d4n6_Speaking) B(Stressed[1]) T(Stressed[1]) Q(Stressed[1]) - [Stressed: 7.0, Relaxed: 4.0] [Valence: 5.0, Arousal: 4.0
Task(d4n6_Stroop) B(Stressed[1]) T(Stressed[1]) Q(Stressed[1]) - [Stressed: 6.0, Relaxed: 3.0] [Valence: 5.0, Arousal: 4.0
Task(d4n6_Video1) B(NoStressed[0]) T(Stressed[1]) Q(Amused[3]) - [Stressed: 0.0, Relaxed: 2.0] [Valence: 7.0, Arousal: 4.0
Task(d4n6_Video2) B(Stressed[1]) T(RealStress[2]) Q(RealStress[2]) - [Stressed: 7.0, Relaxed: 3.0] [Valence: 5.0, Arousal: 7.0
Task(c3m7_Breathing) B(Stressed[1]) T(Stressed[1]) Q(Stressed[1]) - [Stressed: 6.0, Relaxed: 4.0] [Valence: 8.0, Arousal: 7.0
Task(c3m7_Counting1) B(Stressed[1]) T(Stressed[1]) Q(Stressed[1]) - [Stressed: 9.0, Relaxed: 2.0] [Valence: 7.0, Arousal: 7.0
Task(c3m7_Counting2) B(Stressed[1]) T(Stressed[1]) Q(Stressed[1]) - [Stressed: 8.0, Relaxed: 2.0] [Valence: 7.0, Arousal: 7.0
Task(c3m7_Counting3) B(Stressed[1]) T(Stressed[1]) Q(Stressed[1]) - [Stressed: 7.0, Relaxed: 2.0] [Valence: 6.0, Arousal: 5.0
Task(c3m7_Math) B(Stressed[1]) T(Stressed[1]) Q(Stressed[1]) - [Stressed: 8.0, Relaxed: 2.0] [Valence: 6.0, Arousal: 6.0
Task(c3m7_Reading) B(Stressed[1]) T(Stressed[1]) Q(Stressed[1]) - [Stressed: 7.0, Relaxed: 2.0] [Valence: 6.0, Arousal: 6.0
Task(c3m7_Relax) B(Stressed[1]) T(Stressed[1]) Q(Stressed[1]) - [Stressed: 5.0, Relaxed: 7.0] [Valence: 6.0, Arousal: 7.0
Task(c3m7_Speaking) B(Stressed[1]) T(Stressed[1]) Q(Stressed[1]) - [Stressed: 9.0, Relaxed: 1.0] [Valence: 6.0, Arousal: 7.0
Task(c3m7_Stroop) B(Stressed[1]) T(Stressed[1]) Q(Stressed[1]) - [Stressed: 7.0, Relaxed: 4.0] [Valence: 8.0, Arousal: 8.0
Task(c3m7_Video1) B(Stressed[1]) T(Stressed[1]) Q(Stressed[1]) - [Stressed: 7.0, Relaxed: 2.0] [Valence: 8.0, Arousal: 8.0
Task(c3m7_Video2) B(NoStressed[0]) T(Stressed[1]) Q(Amused[3]) - [Stressed: 4.0, Relaxed: 7.0] [Valence: 7.0, Arousal: 7.0
Task(b2l8_Breathing) B(NoStressed[0]) T(Stressed[1]) Q(Amused[3]) - [Stressed: 1.0, Relaxed: 8.0] [Valence: 7.0, Arousal: 8.0
Task(b2l8_Counting1) B(Stressed[1]) T(RealStress[2]) Q(RealStress[2]) - [Stressed: 7.0, Relaxed: 2.0] [Valence: 5.0, Arousal: 6.0
Task(b2l8_Counting2) B(Stressed[1]) T(Stressed[1]) Q(Stressed[1]) - [Stressed: 9.0, Relaxed: 1.0] [Valence: 3.0, Arousal: 4.0
Task(b2l8_Counting3) B(Stressed[1]) T(Stressed[1]) Q(Stressed[1]) - [Stressed: 7.0, Relaxed: 4.0] [Valence: 7.0, Arousal: 6.0
Task(b2l8_Math) B(Stressed[1]) T(RealStress[2]) Q(RealStress[2]) - [Stressed: 6.0, Relaxed: 4.0] [Valence: 4.0, Arousal: 6.0
Task(b2l8_Reading) B(Stressed[1]) T(Stressed[1]) Q(Stressed[1]) - [Stressed: 5.0, Relaxed: 4.0] [Valence: 6.0, Arousal: 6.0
Task(b2l8_Relax) B(Stressed[1]) T(Stressed[1]) Q(Stressed[1]) - [Stressed: 5.0, Relaxed: 6.0] [Valence: 7.0, Arousal: 6.0
Task(b2l8_Speaking) B(Stressed[1]) T(Stressed[1]) Q(Stressed[1]) - [Stressed: 7.0, Relaxed: 6.0] [Valence: 8.0, Arousal: 7.0
Task(b2l8_Stroop) B(Stressed[1]) T(Stressed[1]) Q(Stressed[1]) - [Stressed: 8.0, Relaxed: 2.0] [Valence: 6.0, Arousal: 7.0
Task(b2l8_Video1) B(NoStressed[0]) T(Stressed[1]) Q(Amused[3]) - [Stressed: 1.0, Relaxed: 2.0] [Valence: 7.0, Arousal: 8.0
Task(b2l8_Video2) B(Stressed[1]) T(Stressed[1]) Q(Stressed[1]) - [Stressed: 5.0, Relaxed: 4.0] [Valence: 6.0, Arousal: 7.0
Task(a1k9_Breathing) B(Stressed[1]) T(Stressed[1]) Q(Stressed[1]) - [Stressed: 5.0, Relaxed: 7.0] [Valence: 6.0, Arousal: 8.0
Task(a1k9_Counting1) B(Stressed[1]) T(RealStress[2]) Q(RealStress[2]) - [Stressed: 8.0, Relaxed: 4.0] [Valence: 5.0, Arousal: 7.0
Task(a1k9_Counting2) B(Stressed[1]) T(RealStress[2]) Q(RealStress[2]) - [Stressed: 8.0, Relaxed: 2.0] [Valence: 3.0, Arousal: 6.0
Task(a1k9_Counting3) B(Stressed[1]) T(Stressed[1]) Q(Stressed[1]) - [Stressed: 6.0, Relaxed: 7.0] [Valence: 7.0, Arousal: 7.0
Task(a1k9_Math) B(Stressed[1]) T(RealStress[2]) Q(RealStress[2]) - [Stressed: 8.0, Relaxed: 3.0] [Valence: 5.0, Arousal: 6.0
Task(a1k9_Reading) B(Stressed[1]) T(Stressed[1]) Q(Stressed[1]) - [Stressed: 7.0, Relaxed: 4.0] [Valence: 7.0, Arousal: 7.0
Task(a1k9_Relax) B(NoStressed[0]) T(Stressed[1]) Q(Amused[3]) - [Stressed: 3.0, Relaxed: 8.0] [Valence: 8.0, Arousal: 5.0
Task(a1k9_Speaking) B(Stressed[1]) T(Stressed[1]) Q(Stressed[1]) - [Stressed: 7.0, Relaxed: 3.0] [Valence: 7.0, Arousal: 7.0
Task(a1k9_Stroop) B(Stressed[1]) T(RealStress[2]) Q(RealStress[2]) - [Stressed: 8.0, Relaxed: 2.0] [Valence: 5.0, Arousal: 7.0
Task(a1k9_Video1) B(Stressed[1]) T(Stressed[1]) Q(Stressed[1]) - [Stressed: 5.0, Relaxed: 7.0] [Valence: 7.0, Arousal: 8.0
Task(a1k9_Video2) B(NoStressed[0]) T(Stressed[1]) Q(Amused[3]) - [Stressed: 4.0, Relaxed: 7.0] [Valence: 7.0, Arousal: 8.0
Task(t6v9_Breathing) B(Stressed[1]) T(Stressed[1]) Q(Stressed[1]) - [Stressed: 5.0, Relaxed: 5.0] [Valence: 6.0, Arousal: 3.0
Task(t6v9_Counting1) B(Stressed[1]) T(RealStress[2]) Q(RealStress[2]) - [Stressed: 7.0, Relaxed: 2.0] [Valence: 3.0, Arousal: 10.0
Task(t6v9_Counting2) B(NoStressed[0]) T(Stressed[1]) Q(Stressed[1]) - [Stressed: 4.0, Relaxed: 2.0] [Valence: 3.0, Arousal: 8.0
Task(t6v9_Counting3) B(NoStressed[0]) T(Stressed[1]) Q(Amused[3]) - [Stressed: 1.0, Relaxed: 7.0] [Valence: 7.0, Arousal: 8.0
Task(t6v9_Math) B(Stressed[1]) T(RealStress[2]) Q(RealStress[2]) - [Stressed: 7.0, Relaxed: 2.0] [Valence: 4.0, Arousal: 7.0
Task(t6v9_Reading) B(Stressed[1]) T(RealStress[2]) Q(RealStress[2]) - [Stressed: 5.0, Relaxed: 3.0] [Valence: 5.0, Arousal: 6.0
Task(t6v9_Relax) B(NoStressed[0]) T(Stressed[1]) Q(Amused[3]) - [Stressed: 3.0, Relaxed: 3.0] [Valence: 5.0, Arousal: 0.0
Task(t6v9_Speaking) B(Stressed[1]) T(RealStress[2]) Q(RealStress[2]) - [Stressed: 6.0, Relaxed: 3.0] [Valence: 5.0, Arousal: 7.0
Task(t6v9_Stroop) B(Stressed[1]) T(RealStress[2]) Q(RealStress[2]) - [Stressed: 5.0, Relaxed: 0.0] [Valence: 5.0, Arousal: 7.0
Task(t6v9_Video1) B(NoStressed[0]) T(Stressed[1]) Q(Amused[3]) - [Stressed: 2.0, Relaxed: 7.0] [Valence: 7.0, Arousal: 6.0
Task(t6v9_Video2) B(NoStressed[0]) T(Stressed[1]) Q(Stressed[1]) - [Stressed: 3.0, Relaxed: 6.0] [Valence: 4.0, Arousal: 7.0
Task(b9w0_Breathing) B(NoStressed[0]) T(Stressed[1]) Q(Amused[3]) - [Stressed: 2.0, Relaxed: 8.0] [Valence: 7.0, Arousal: 8.0
Task(b9w0_Counting1) B(NoStressed[0]) T(Stressed[1]) Q(Amused[3]) - [Stressed: 4.0, Relaxed: 3.0] [Valence: 5.0, Arousal: 9.0
Task(b9w0_Counting2) B(Stressed[1]) T(RealStress[2]) Q(RealStress[2]) - [Stressed: 6.0, Relaxed: 1.0] [Valence: 3.0, Arousal: 9.0
Task(b9w0_Counting3) B(Stressed[1]) T(RealStress[2]) Q(RealStress[2]) - [Stressed: 7.0, Relaxed: 1.0] [Valence: 5.0, Arousal: 8.0
Task(b9w0_Math) B(Stressed[1]) T(RealStress[2]) Q(RealStress[2]) - [Stressed: 6.0, Relaxed: 3.0] [Valence: 5.0, Arousal: 9.0
Task(b9w0_Reading) B(Stressed[1]) T(RealStress[2]) Q(RealStress[2]) - [Stressed: 6.0, Relaxed: 2.0] [Valence: 5.0, Arousal: 5.0
Task(b9w0_Relax) B(Stressed[1]) T(Stressed[1]) Q(Stressed[1]) - [Stressed: 5.0, Relaxed: 2.0] [Valence: 5.0, Arousal: 4.0
Task(b9w0_Speaking) B(Stressed[1]) T(RealStress[2]) Q(RealStress[2]) - [Stressed: 7.0, Relaxed: 2.0] [Valence: 4.0, Arousal: 9.0
Task(b9w0_Stroop) B(Stressed[1]) T(RealStress[2]) Q(RealStress[2]) - [Stressed: 6.0, Relaxed: 3.0] [Valence: 4.0, Arousal: 9.0
Task(b9w0_Video1) B(NoStressed[0]) T(Stressed[1]) Q(Amused[3]) - [Stressed: 2.0, Relaxed: 5.0] [Valence: 5.0, Arousal: 7.0
Task(b9w0_Video2) B(NoStressed[0]) T(Stressed[1]) Q(Amused[3]) - [Stressed: 3.0, Relaxed: 4.0] [Valence: 5.0, Arousal: 7.0
